Archive member included to satisfy reference by file (symbol)

C:/ST/STM32CubeCLT_1.17.0/GNU-tools-for-STM32/bin/../lib/gcc/arm-none-eabi/12.3.1/../../../../arm-none-eabi/lib/thumb/v7-m/nofp\libc_nano.a(libc_a-exit.o)
                              C:/ST/STM32CubeCLT_1.17.0/GNU-tools-for-STM32/bin/../lib/gcc/arm-none-eabi/12.3.1/../../../../arm-none-eabi/lib/thumb/v7-m/nofp/crt0.o (exit)
C:/ST/STM32CubeCLT_1.17.0/GNU-tools-for-STM32/bin/../lib/gcc/arm-none-eabi/12.3.1/../../../../arm-none-eabi/lib/thumb/v7-m/nofp\libc_nano.a(libc_a-findfp.o)
                              C:/ST/STM32CubeCLT_1.17.0/GNU-tools-for-STM32/bin/../lib/gcc/arm-none-eabi/12.3.1/../../../../arm-none-eabi/lib/thumb/v7-m/nofp\libc_nano.a(libc_a-exit.o) (__stdio_exit_handler)
C:/ST/STM32CubeCLT_1.17.0/GNU-tools-for-STM32/bin/../lib/gcc/arm-none-eabi/12.3.1/../../../../arm-none-eabi/lib/thumb/v7-m/nofp\libc_nano.a(libc_a-fwalk.o)
                              C:/ST/STM32CubeCLT_1.17.0/GNU-tools-for-STM32/bin/../lib/gcc/arm-none-eabi/12.3.1/../../../../arm-none-eabi/lib/thumb/v7-m/nofp\libc_nano.a(libc_a-findfp.o) (_fwalk_sglue)
C:/ST/STM32CubeCLT_1.17.0/GNU-tools-for-STM32/bin/../lib/gcc/arm-none-eabi/12.3.1/../../../../arm-none-eabi/lib/thumb/v7-m/nofp\libc_nano.a(libc_a-stdio.o)
                              C:/ST/STM32CubeCLT_1.17.0/GNU-tools-for-STM32/bin/../lib/gcc/arm-none-eabi/12.3.1/../../../../arm-none-eabi/lib/thumb/v7-m/nofp\libc_nano.a(libc_a-findfp.o) (__sread)
C:/ST/STM32CubeCLT_1.17.0/GNU-tools-for-STM32/bin/../lib/gcc/arm-none-eabi/12.3.1/../../../../arm-none-eabi/lib/thumb/v7-m/nofp\libc_nano.a(libc_a-memset.o)
                              C:/ST/STM32CubeCLT_1.17.0/GNU-tools-for-STM32/bin/../lib/gcc/arm-none-eabi/12.3.1/../../../../arm-none-eabi/lib/thumb/v7-m/nofp/crt0.o (memset)
C:/ST/STM32CubeCLT_1.17.0/GNU-tools-for-STM32/bin/../lib/gcc/arm-none-eabi/12.3.1/../../../../arm-none-eabi/lib/thumb/v7-m/nofp\libc_nano.a(libc_a-closer.o)
                              C:/ST/STM32CubeCLT_1.17.0/GNU-tools-for-STM32/bin/../lib/gcc/arm-none-eabi/12.3.1/../../../../arm-none-eabi/lib/thumb/v7-m/nofp\libc_nano.a(libc_a-stdio.o) (_close_r)
C:/ST/STM32CubeCLT_1.17.0/GNU-tools-for-STM32/bin/../lib/gcc/arm-none-eabi/12.3.1/../../../../arm-none-eabi/lib/thumb/v7-m/nofp\libc_nano.a(libc_a-reent.o)
                              C:/ST/STM32CubeCLT_1.17.0/GNU-tools-for-STM32/bin/../lib/gcc/arm-none-eabi/12.3.1/../../../../arm-none-eabi/lib/thumb/v7-m/nofp\libc_nano.a(libc_a-closer.o) (errno)
C:/ST/STM32CubeCLT_1.17.0/GNU-tools-for-STM32/bin/../lib/gcc/arm-none-eabi/12.3.1/../../../../arm-none-eabi/lib/thumb/v7-m/nofp\libc_nano.a(libc_a-impure.o)
                              C:/ST/STM32CubeCLT_1.17.0/GNU-tools-for-STM32/bin/../lib/gcc/arm-none-eabi/12.3.1/../../../../arm-none-eabi/lib/thumb/v7-m/nofp\libc_nano.a(libc_a-reent.o) (_impure_ptr)
C:/ST/STM32CubeCLT_1.17.0/GNU-tools-for-STM32/bin/../lib/gcc/arm-none-eabi/12.3.1/../../../../arm-none-eabi/lib/thumb/v7-m/nofp\libc_nano.a(libc_a-lseekr.o)
                              C:/ST/STM32CubeCLT_1.17.0/GNU-tools-for-STM32/bin/../lib/gcc/arm-none-eabi/12.3.1/../../../../arm-none-eabi/lib/thumb/v7-m/nofp\libc_nano.a(libc_a-stdio.o) (_lseek_r)
C:/ST/STM32CubeCLT_1.17.0/GNU-tools-for-STM32/bin/../lib/gcc/arm-none-eabi/12.3.1/../../../../arm-none-eabi/lib/thumb/v7-m/nofp\libc_nano.a(libc_a-readr.o)
                              C:/ST/STM32CubeCLT_1.17.0/GNU-tools-for-STM32/bin/../lib/gcc/arm-none-eabi/12.3.1/../../../../arm-none-eabi/lib/thumb/v7-m/nofp\libc_nano.a(libc_a-stdio.o) (_read_r)
C:/ST/STM32CubeCLT_1.17.0/GNU-tools-for-STM32/bin/../lib/gcc/arm-none-eabi/12.3.1/../../../../arm-none-eabi/lib/thumb/v7-m/nofp\libc_nano.a(libc_a-writer.o)
                              C:/ST/STM32CubeCLT_1.17.0/GNU-tools-for-STM32/bin/../lib/gcc/arm-none-eabi/12.3.1/../../../../arm-none-eabi/lib/thumb/v7-m/nofp\libc_nano.a(libc_a-stdio.o) (_write_r)
C:/ST/STM32CubeCLT_1.17.0/GNU-tools-for-STM32/bin/../lib/gcc/arm-none-eabi/12.3.1/../../../../arm-none-eabi/lib/thumb/v7-m/nofp\libc_nano.a(libc_a-errno.o)
                              build/sysmem.o (__errno)
C:/ST/STM32CubeCLT_1.17.0/GNU-tools-for-STM32/bin/../lib/gcc/arm-none-eabi/12.3.1/../../../../arm-none-eabi/lib/thumb/v7-m/nofp\libc_nano.a(libc_a-init.o)
                              C:/ST/STM32CubeCLT_1.17.0/GNU-tools-for-STM32/bin/../lib/gcc/arm-none-eabi/12.3.1/../../../../arm-none-eabi/lib/thumb/v7-m/nofp/crt0.o (__libc_init_array)
C:/ST/STM32CubeCLT_1.17.0/GNU-tools-for-STM32/bin/../lib/gcc/arm-none-eabi/12.3.1/../../../../arm-none-eabi/lib/thumb/v7-m/nofp\libc_nano.a(libc_a-lock.o)
                              C:/ST/STM32CubeCLT_1.17.0/GNU-tools-for-STM32/bin/../lib/gcc/arm-none-eabi/12.3.1/../../../../arm-none-eabi/lib/thumb/v7-m/nofp\libc_nano.a(libc_a-findfp.o) (__retarget_lock_init_recursive)
[...]
Memory Configuration

Name             Origin             Length             Attributes
RAM              0x20000000         0x00002800         xrw
FLASH            0x08000000         0x00008000         xr
*default*        0x00000000         0xffffffff

Linker script and memory map

LOAD C:/ST/STM32CubeCLT_1.17.0/GNU-tools-for-STM32/bin/../lib/gcc/arm-none-eabi/12.3.1/thumb/v7-m/nofp/crti.o
LOAD C:/ST/STM32CubeCLT_1.17.0/GNU-tools-for-STM32/bin/../lib/gcc/arm-none-eabi/12.3.1/thumb/v7-m/nofp/crtbegin.o
LOAD C:/ST/STM32CubeCLT_1.17.0/GNU-tools-for-STM32/bin/../lib/gcc/arm-none-eabi/12.3.1/../../../../arm-none-eabi/lib/thumb/v7-m/nofp/crt0.o
LOAD build/main.o
LOAD build/gpio.o
LOAD build/spi.o
LOAD build/usart.o
LOAD build/stm32f1xx_it.o
LOAD build/stm32f1xx_hal_msp.o
LOAD build/stm32f1xx_hal_gpio_ex.o
LOAD build/stm32f1xx_hal.o
LOAD build/stm32f1xx_hal_rcc.o
LOAD build/stm32f1xx_hal_rcc_ex.o
LOAD build/stm32f1xx_hal_gpio.o
LOAD build/stm32f1xx_hal_dma.o
LOAD build/stm32f1xx_hal_cortex.o
LOAD build/stm32f1xx_hal_pwr.o
LOAD build/stm32f1xx_hal_flash.o
LOAD build/stm32f1xx_hal_flash_ex.o
LOAD build/stm32f1xx_hal_exti.o
LOAD build/stm32f1xx_hal_spi.o
LOAD build/stm32f1xx_hal_uart.o
LOAD build/system_stm32f1xx.o
LOAD build/sysmem.o
LOAD build/syscalls.o
LOAD build/sysconfig.o
LOAD build/rc522.o
LOAD build/rc522_cfg.o
LOAD build/startup_stm32f103x6.o
LOAD C:/ST/STM32CubeCLT_1.17.0/GNU-tools-for-STM32/bin/../lib/gcc/arm-none-eabi/12.3.1/../../../../arm-none-eabi/lib/thumb/v7-m/nofp\libc_nano.a
LOAD C:/ST/STM32CubeCLT_1.17.0/GNU-tools-for-STM32/bin/../lib/gcc/arm-none-eabi/12.3.1/../../../../arm-none-eabi/lib/thumb/v7-m/nofp\libm.a
LOAD C:/ST/STM32CubeCLT_1.17.0/GNU-tools-for-STM32/bin/../lib/gcc/arm-none-eabi/12.3.1/../../../../arm-none-eabi/lib/thumb/v7-m/nofp\libnosys.a
START GROUP
LOAD C:/ST/STM32CubeCLT_1.17.0/GNU-tools-for-STM32/bin/../lib/gcc/arm-none-eabi/12.3.1/thumb/v7-m/nofp\libgcc.a
LOAD C:/ST/STM32CubeCLT_1.17.0/GNU-tools-for-STM32/bin/../lib/gcc/arm-none-eabi/12.3.1/../../../../arm-none-eabi/lib/thumb/v7-m/nofp\libc_nano.a
END GROUP
START GROUP
LOAD C:/ST/STM32CubeCLT_1.17.0/GNU-tools-for-STM32/bin/../lib/gcc/arm-none-eabi/12.3.1/thumb/v7-m/nofp\libgcc.a
LOAD C:/ST/STM32CubeCLT_1.17.0/GNU-tools-for-STM32/bin/../lib/gcc/arm-none-eabi/12.3.1/../../../../arm-none-eabi/lib/thumb/v7-m/nofp\libc_nano.a
END GROUP
LOAD C:/ST/STM32CubeCLT_1.17.0/GNU-tools-for-STM32/bin/../lib/gcc/arm-none-eabi/12.3.1/thumb/v7-m/nofp/crtend.o
LOAD C:/ST/STM32CubeCLT_1.17.0/GNU-tools-for-STM32/bin/../lib/gcc/arm-none-eabi/12.3.1/thumb/v7-m/nofp/crtn.o
                0x20002800                        _estack = (ORIGIN (RAM) + LENGTH (RAM))
                0x00000200                        _Min_Heap_Size = 0x200
                0x00000400                        _Min_Stack_Size = 0x400

.isr_vector     0x08000000      0x10c
                0x08000000                        . = ALIGN (0x4)
 *(.isr_vector)
 .isr_vector    0x08000000      0x10c build/startup_stm32f103x6.o
                0x08000000                g_pfnVectors
                0x0800010c                        . = ALIGN (0x4)

.text           0x0800010c     0x201c
                0x0800010c                        . = ALIGN (0x4)
 *(.text)
 .text          0x0800010c       0x40 C:/ST/STM32CubeCLT_1.17.0/GNU-tools-for-STM32/bin/../lib/gcc/arm-none-eabi/12.3.1/thumb/v7-m/nofp/crtbegin.o
 *(.text*)
 .text.rc522_init
                0x0800014c       0x20 build/main.o
                0x0800014c                rc522_init
 .text.main     0x0800016c       0x48 build/main.o
                0x0800016c                main
 .text.Error_Handler
                0x080001b4        0x4 build/main.o
                0x080001b4                Error_Handler
 .text.rc522_rst_pin_init
                0x080001b8       0x3c build/gpio.o
 .text.rc522_rst_pin_deinit
                0x080001f4       0x10 build/gpio.o
 .text.MX_GPIO_Init
                0x08000204       0x8c build/gpio.o
                0x08000204                MX_GPIO_Init
 .text.rc522_rstpin_wrt
                0x08000290       0x20 build/gpio.o
                0x08000290                rc522_rstpin_wrt
 .text.rc522_rst_pin_rd
                0x080002b0       0x20 build/gpio.o
                0x080002b0                rc522_rst_pin_rd
 .text.MX_SPI1_Init
                0x080002d0       0x44 build/spi.o
                0x080002d0                MX_SPI1_Init
 .text.HAL_SPI_MspInit
                0x08000314       0xb0 build/spi.o
                0x08000314                HAL_SPI_MspInit
 .text.stm32_spi_write
                0x080003c4       0x70 build/spi.o
                0x080003c4                stm32_spi_write
 .text.stm32_spi_read
                0x08000434       0x9c build/spi.o
                0x08000434                stm32_spi_read
 .text.HAL_UART_RxCpltCallback
                0x080004d0       0x24 build/usart.o
                0x080004d0                HAL_UART_RxCpltCallback
 .text.NMI_Handler
                0x080004f4        0x2 build/stm32f1xx_it.o
                0x080004f4                NMI_Handler
 .text.HardFault_Handler
                0x080004f6        0x2 build/stm32f1xx_it.o
                0x080004f6                HardFault_Handler
 .text.MemManage_Handler
                0x080004f8        0x2 build/stm32f1xx_it.o
                0x080004f8                MemManage_Handler
 .text.BusFault_Handler
                0x080004fa        0x2 build/stm32f1xx_it.o
                0x080004fa                BusFault_Handler
 .text.UsageFault_Handler
                0x080004fc        0x2 build/stm32f1xx_it.o
                0x080004fc                UsageFault_Handler
 .text.SVC_Handler
                0x080004fe        0x2 build/stm32f1xx_it.o
                0x080004fe                SVC_Handler
 .text.DebugMon_Handler
                0x08000500        0x2 build/stm32f1xx_it.o
                0x08000500                DebugMon_Handler
 .text.PendSV_Handler
                0x08000502        0x2 build/stm32f1xx_it.o
                0x08000502                PendSV_Handler
 .text.SysTick_Handler
                0x08000504        0x8 build/stm32f1xx_it.o
                0x08000504                SysTick_Handler
 .text.SPI1_IRQHandler
                0x0800050c       0x10 build/stm32f1xx_it.o
                0x0800050c                SPI1_IRQHandler
 .text.USART1_IRQHandler
                0x0800051c       0x10 build/stm32f1xx_it.o
                0x0800051c                USART1_IRQHandler
 .text.HAL_MspInit
                0x0800052c       0x44 build/stm32f1xx_hal_msp.o
                0x0800052c                HAL_MspInit
 .text.HAL_InitTick
                0x08000570       0x4c build/stm32f1xx_hal.o
                0x08000570                HAL_InitTick
 .text.HAL_Init
                0x080005bc       0x24 build/stm32f1xx_hal.o
                0x080005bc                HAL_Init
 .text.HAL_IncTick
                0x080005e0       0x18 build/stm32f1xx_hal.o
                0x080005e0                HAL_IncTick
 .text.HAL_GetTick
                0x080005f8        0xc build/stm32f1xx_hal.o
                0x080005f8                HAL_GetTick
 .text.HAL_Delay
                0x08000604       0x28 build/stm32f1xx_hal.o
                0x08000604                HAL_Delay
 .text.RCC_Delay
                0x0800062c       0x2c build/stm32f1xx_hal_rcc.o
 .text.HAL_RCC_OscConfig
                0x08000658      0x410 build/stm32f1xx_hal_rcc.o
                0x08000658                HAL_RCC_OscConfig
 .text.HAL_RCC_GetSysClockFreq
                0x08000a68       0x54 build/stm32f1xx_hal_rcc.o
                0x08000a68                HAL_RCC_GetSysClockFreq
 .text.HAL_RCC_ClockConfig
                0x08000abc      0x16c build/stm32f1xx_hal_rcc.o
                0x08000abc                HAL_RCC_ClockConfig
 .text.HAL_GPIO_Init
                0x08000c28      0x218 build/stm32f1xx_hal_gpio.o
                0x08000c28                HAL_GPIO_Init
 .text.HAL_GPIO_DeInit
                0x08000e40       0xec build/stm32f1xx_hal_gpio.o
                0x08000e40                HAL_GPIO_DeInit
 .text.HAL_GPIO_ReadPin
                0x08000f2c        0xe build/stm32f1xx_hal_gpio.o
                0x08000f2c                HAL_GPIO_ReadPin
 .text.HAL_GPIO_WritePin
                0x08000f3a        0xc build/stm32f1xx_hal_gpio.o
                0x08000f3a                HAL_GPIO_WritePin
 .text.HAL_GPIO_TogglePin
                0x08000f46       0x12 build/stm32f1xx_hal_gpio.o
                0x08000f46                HAL_GPIO_TogglePin
 .text.HAL_DMA_Abort
                0x08000f58       0x46 build/stm32f1xx_hal_dma.o
                0x08000f58                HAL_DMA_Abort
 *fill*         0x08000f9e        0x2 
 .text.HAL_DMA_Abort_IT
                0x08000fa0       0x98 build/stm32f1xx_hal_dma.o
                0x08000fa0                HAL_DMA_Abort_IT
 .text.__NVIC_SetPriority
                0x08001038       0x28 build/stm32f1xx_hal_cortex.o
 .text.NVIC_EncodePriority
                0x08001060       0x3e build/stm32f1xx_hal_cortex.o
 *fill*         0x0800109e        0x2 
 .text.HAL_NVIC_SetPriorityGrouping
                0x080010a0       0x24 build/stm32f1xx_hal_cortex.o
                0x080010a0                HAL_NVIC_SetPriorityGrouping
 .text.HAL_NVIC_SetPriority
                0x080010c4       0x20 build/stm32f1xx_hal_cortex.o
                0x080010c4                HAL_NVIC_SetPriority
 .text.HAL_NVIC_EnableIRQ
                0x080010e4       0x1c build/stm32f1xx_hal_cortex.o
                0x080010e4                HAL_NVIC_EnableIRQ
 .text.HAL_SYSTICK_Config
                0x08001100       0x28 build/stm32f1xx_hal_cortex.o
                0x08001100                HAL_SYSTICK_Config
 .text.SPI_WaitFlagStateUntilTimeout
                0x08001128       0xc8 build/stm32f1xx_hal_spi.o
 .text.SPI_EndRxTxTransaction
                0x080011f0       0x44 build/stm32f1xx_hal_spi.o
 .text.SPI_EndRxTransaction
                0x08001234       0x74 build/stm32f1xx_hal_spi.o
 .text.HAL_SPI_Init
                0x080012a8       0xb6 build/stm32f1xx_hal_spi.o
                0x080012a8                HAL_SPI_Init
 .text.HAL_SPI_Transmit
                0x0800135e      0x1c4 build/stm32f1xx_hal_spi.o
                0x0800135e                HAL_SPI_Transmit
 .text.HAL_SPI_TransmitReceive
                0x08001522      0x254 build/stm32f1xx_hal_spi.o
                0x08001522                HAL_SPI_TransmitReceive
 .text.HAL_SPI_Receive
                0x08001776      0x188 build/stm32f1xx_hal_spi.o
                0x08001776                HAL_SPI_Receive
 .text.HAL_SPI_ErrorCallback
                0x080018fe        0x2 build/stm32f1xx_hal_spi.o
                0x080018fe                HAL_SPI_ErrorCallback
 .text.HAL_SPI_IRQHandler
                0x08001900      0x100 build/stm32f1xx_hal_spi.o
                0x08001900                HAL_SPI_IRQHandler
 .text.SPI_DMAAbortOnError
                0x08001a00       0x10 build/stm32f1xx_hal_spi.o
 .text.UART_EndRxTransfer
                0x08001a10       0x5c build/stm32f1xx_hal_uart.o
 .text.UART_Transmit_IT
                0x08001a6c       0x60 build/stm32f1xx_hal_uart.o
 .text.HAL_UART_TxCpltCallback
                0x08001acc        0x2 build/stm32f1xx_hal_uart.o
                0x08001acc                HAL_UART_TxCpltCallback
 .text.UART_EndTransmit_IT
                0x08001ace       0x1a build/stm32f1xx_hal_uart.o
 .text.HAL_UART_ErrorCallback
                0x08001ae8        0x2 build/stm32f1xx_hal_uart.o
                0x08001ae8                HAL_UART_ErrorCallback
 .text.UART_DMAAbortOnError
                0x08001aea       0x10 build/stm32f1xx_hal_uart.o
 .text.HAL_UARTEx_RxEventCallback
                0x08001afa        0x2 build/stm32f1xx_hal_uart.o
                0x08001afa                HAL_UARTEx_RxEventCallback
 .text.UART_Receive_IT
                0x08001afc       0xe6 build/stm32f1xx_hal_uart.o
 *fill*         0x08001be2        0x2 
 .text.HAL_UART_IRQHandler
                0x08001be4      0x284 build/stm32f1xx_hal_uart.o
                0x08001be4                HAL_UART_IRQHandler
 .text.UART_Start_Receive_IT
                0x08001e68       0x36 build/stm32f1xx_hal_uart.o
                0x08001e68                UART_Start_Receive_IT
 .text.HAL_UART_Receive_IT
                0x08001e9e       0x26 build/stm32f1xx_hal_uart.o
                0x08001e9e                HAL_UART_Receive_IT
 .text.SystemInit
                0x08001ec4        0x2 build/system_stm32f1xx.o
                0x08001ec4                SystemInit
 .text.SystemClock_Config
                0x08001ec6       0x68 build/sysconfig.o
                0x08001ec6                SystemClock_Config
 .text.rc522_cfg_cmd
                0x08001f2e       0x18 build/rc522.o
                0x08001f2e                rc522_cfg_cmd
 .text.rc522_init_reg
                0x08001f46        0xa build/rc522.o
                0x08001f46                rc522_init_reg
 .text.rc522_pcd_init
                0x08001f50       0x78 build/rc522.o
                0x08001f50                rc522_pcd_init
 .text.rc522_get_chip_id
                0x08001fc8       0x18 build/rc522.o
                0x08001fc8                rc522_get_chip_id
 .text.rc522_get_chip_sts
                0x08001fe0       0x18 build/rc522.o
                0x08001fe0                rc522_get_chip_sts
 .text.rc522_set_spi_spec
                0x08001ff8       0x14 build/rc522_cfg.o
                0x08001ff8                rc522_set_spi_spec
 .text.rc522_spi_read_reg
                0x0800200c       0x18 build/rc522_cfg.o
                0x0800200c                rc522_spi_read_reg
 .text.rc522_spi_write_reg
                0x08002024       0x18 build/rc522_cfg.o
                0x08002024                rc522_spi_write_reg
 .text.rc522_rst_pin_write
                0x0800203c       0x18 build/rc522_cfg.o
                0x0800203c                rc522_rst_pin_write
 .text.rc522_rst_pin_read
                0x08002054       0x18 build/rc522_cfg.o
                0x08002054                rc522_rst_pin_read
 .text.Reset_Handler
                0x0800206c       0x48 build/startup_stm32f103x6.o
                0x0800206c                Reset_Handler
 .text.Default_Handler
                0x080020b4        0x2 build/startup_stm32f103x6.o
                0x080020b4                RTC_Alarm_IRQHandler
                0x080020b4                EXTI2_IRQHandler
                0x080020b4                TIM1_CC_IRQHandler
                0x080020b4                PVD_IRQHandler
                0x080020b4                EXTI3_IRQHandler
                0x080020b4                EXTI0_IRQHandler
                0x080020b4                ADC1_2_IRQHandler
                0x080020b4                TAMPER_IRQHandler
                0x080020b4                DMA1_Channel4_IRQHandler
                0x080020b4                RTC_IRQHandler
                0x080020b4                DMA1_Channel7_IRQHandler
                0x080020b4                CAN1_RX1_IRQHandler
                0x080020b4                I2C1_EV_IRQHandler
                0x080020b4                DMA1_Channel6_IRQHandler
                0x080020b4                TIM3_IRQHandler
                0x080020b4                RCC_IRQHandler
                0x080020b4                TIM1_TRG_COM_IRQHandler
                0x080020b4                DMA1_Channel1_IRQHandler
                0x080020b4                Default_Handler
                0x080020b4                EXTI15_10_IRQHandler
                0x080020b4                EXTI9_5_IRQHandler
                0x080020b4                DMA1_Channel5_IRQHandler
                0x080020b4                EXTI4_IRQHandler
                0x080020b4                USB_LP_CAN1_RX0_IRQHandler
                0x080020b4                USB_HP_CAN1_TX_IRQHandler
                0x080020b4                DMA1_Channel3_IRQHandler
                0x080020b4                TIM1_UP_IRQHandler
                0x080020b4                WWDG_IRQHandler
                0x080020b4                TIM2_IRQHandler
                0x080020b4                TIM1_BRK_IRQHandler
                0x080020b4                EXTI1_IRQHandler
                0x080020b4                USART2_IRQHandler
                0x080020b4                DMA1_Channel2_IRQHandler
                0x080020b4                CAN1_SCE_IRQHandler
                0x080020b4                FLASH_IRQHandler
                0x080020b4                I2C1_ER_IRQHandler
                0x080020b4                USBWakeUp_IRQHandler
 .text.memset   0x080020b6       0x10 C:/ST/STM32CubeCLT_1.17.0/GNU-tools-for-STM32/bin/../lib/gcc/arm-none-eabi/12.3.1/../../../../arm-none-eabi/lib/thumb/v7-m/nofp\libc_nano.a(libc_a-memset.o)
                0x080020b6                memset
 *fill*         0x080020c6        0x2 
 .text.__libc_init_array
                0x080020c8       0x48 C:/ST/STM32CubeCLT_1.17.0/GNU-tools-for-STM32/bin/../lib/gcc/arm-none-eabi/12.3.1/../../../../arm-none-eabi/lib/thumb/v7-m/nofp\libc_nano.a(libc_a-init.o)
                0x080020c8                __libc_init_array
 *(.glue_7)
 .glue_7        0x08002110        0x0 linker stubs
 *(.glue_7t)
 .glue_7t       0x08002110        0x0 linker stubs
 *(.eh_frame)
 .eh_frame      0x08002110        0x0 C:/ST/STM32CubeCLT_1.17.0/GNU-tools-for-STM32/bin/../lib/gcc/arm-none-eabi/12.3.1/thumb/v7-m/nofp/crtbegin.o
 *(.init)
 .init          0x08002110        0x4 C:/ST/STM32CubeCLT_1.17.0/GNU-tools-for-STM32/bin/../lib/gcc/arm-none-eabi/12.3.1/thumb/v7-m/nofp/crti.o
                0x08002110                _init
 .init          0x08002114        0x8 C:/ST/STM32CubeCLT_1.17.0/GNU-tools-for-STM32/bin/../lib/gcc/arm-none-eabi/12.3.1/thumb/v7-m/nofp/crtn.o
 *(.fini)
 .fini          0x0800211c        0x4 C:/ST/STM32CubeCLT_1.17.0/GNU-tools-for-STM32/bin/../lib/gcc/arm-none-eabi/12.3.1/thumb/v7-m/nofp/crti.o
                0x0800211c                _fini
 .fini          0x08002120        0x8 C:/ST/STM32CubeCLT_1.17.0/GNU-tools-for-STM32/bin/../lib/gcc/arm-none-eabi/12.3.1/thumb/v7-m/nofp/crtn.o
                0x08002128                        . = ALIGN (0x4)
                0x08002128                        _etext = .

.vfp11_veneer   0x08002128        0x0
 .vfp11_veneer  0x08002128        0x0 linker stubs

.v4_bx          0x08002128        0x0
 .v4_bx         0x08002128        0x0 linker stubs

.iplt           0x08002128        0x0
 .iplt          0x08002128        0x0 C:/ST/STM32CubeCLT_1.17.0/GNU-tools-for-STM32/bin/../lib/gcc/arm-none-eabi/12.3.1/thumb/v7-m/nofp/crtbegin.o

.rodata         0x08002128       0x34
                0x08002128                        . = ALIGN (0x4)
 *(.rodata)
 .rodata        0x08002128       0x10 build/main.o
 *(.rodata*)
 .rodata.aPredivFactorTable.0
                0x08002138        0x2 build/stm32f1xx_hal_rcc.o
 *fill*         0x0800213a        0x2 
 .rodata.aPLLMULFactorTable.1
                0x0800213c       0x10 build/stm32f1xx_hal_rcc.o
 .rodata.AHBPrescTable
                0x0800214c       0x10 build/system_stm32f1xx.o
                0x0800214c                AHBPrescTable
                0x0800215c                        . = ALIGN (0x4)

.rel.dyn        0x0800215c        0x0
 .rel.iplt      0x0800215c        0x0 C:/ST/STM32CubeCLT_1.17.0/GNU-tools-for-STM32/bin/../lib/gcc/arm-none-eabi/12.3.1/thumb/v7-m/nofp/crtbegin.o

.ARM.extab
 *(.ARM.extab* .gnu.linkonce.armextab.*)

.ARM            0x0800215c        0x0
                0x0800215c                        __exidx_start = .
 *(.ARM.exidx*)
                0x0800215c                        __exidx_end = .

.preinit_array  0x0800215c        0x0
                0x0800215c                        PROVIDE (__preinit_array_start = .)
 *(.preinit_array*)
                0x0800215c                        PROVIDE (__preinit_array_end = .)

.init_array     0x0800215c        0x4
                0x0800215c                        PROVIDE (__init_array_start = .)
 *(SORT_BY_NAME(.init_array.*))
 *(.init_array*)
 .init_array    0x0800215c        0x4 C:/ST/STM32CubeCLT_1.17.0/GNU-tools-for-STM32/bin/../lib/gcc/arm-none-eabi/12.3.1/thumb/v7-m/nofp/crtbegin.o
                0x08002160                        PROVIDE (__init_array_end = .)

.fini_array     0x08002160        0x4
                [!provide]                        PROVIDE (__fini_array_start = .)
 *(SORT_BY_NAME(.fini_array.*))
 *(.fini_array*)
 .fini_array    0x08002160        0x4 C:/ST/STM32CubeCLT_1.17.0/GNU-tools-for-STM32/bin/../lib/gcc/arm-none-eabi/12.3.1/thumb/v7-m/nofp/crtbegin.o
                [!provide]                        PROVIDE (__fini_array_end = .)
                0x08002164                        _sidata = LOADADDR (.data)

.data           0x20000000        0xc load address 0x08002164
                0x20000000                        . = ALIGN (0x4)
                0x20000000                        _sdata = .
 *(.data)
 *(.data*)
 .data.uwTickFreq
                0x20000000        0x1 build/stm32f1xx_hal.o
                0x20000000                uwTickFreq
 *fill*         0x20000001        0x3 
 .data.uwTickPrio
                0x20000004        0x4 build/stm32f1xx_hal.o
                0x20000004                uwTickPrio
 .data.SystemCoreClock
                0x20000008        0x4 build/system_stm32f1xx.o
                0x20000008                SystemCoreClock
                0x2000000c                        . = ALIGN (0x4)
                0x2000000c                        _edata = .

.igot.plt       0x2000000c        0x0 load address 0x08002170
 .igot.plt      0x2000000c        0x0 C:/ST/STM32CubeCLT_1.17.0/GNU-tools-for-STM32/bin/../lib/gcc/arm-none-eabi/12.3.1/thumb/v7-m/nofp/crtbegin.o
                0x2000000c                        . = ALIGN (0x4)

.bss            0x2000000c      0x110 load address 0x08002170
                0x2000000c                        _sbss = .
                0x2000000c                        __bss_start__ = _sbss
 *(.bss)
 .bss           0x2000000c       0x1c C:/ST/STM32CubeCLT_1.17.0/GNU-tools-for-STM32/bin/../lib/gcc/arm-none-eabi/12.3.1/thumb/v7-m/nofp/crtbegin.o
 *(.bss*)
 .bss.hspi1     0x20000028       0x58 build/spi.o
                0x20000028                hspi1
 .bss.uart_rx_buffer
                0x20000080       0x40 build/usart.o
                0x20000080                uart_rx_buffer
 .bss.huart1    0x200000c0       0x48 build/usart.o
                0x200000c0                huart1
 .bss.uwTick    0x20000108        0x4 build/stm32f1xx_hal.o
                0x20000108                uwTick
 .bss.spi_ops   0x2000010c       0x10 build/rc522_cfg.o
 *(COMMON)
                0x2000011c                        . = ALIGN (0x4)
                0x2000011c                        _ebss = .
                0x2000011c                        __bss_end__ = _ebss

._user_heap_stack
                0x2000011c      0x604 load address 0x08002170
                0x20000120                        . = ALIGN (0x8)
 *fill*         0x2000011c        0x4 
                [!provide]                        PROVIDE (end = .)
                0x20000120                        PROVIDE (_end = .)
                0x20000320                        . = (. + _Min_Heap_Size)
 *fill*         0x20000120      0x200 
                0x20000720                        . = (. + _Min_Stack_Size)
 *fill*         0x20000320      0x400 
                0x20000720                        . = ALIGN (0x8)

/DISCARD/
 libc.a(*)
 libm.a(*)
 libgcc.a(*)
OUTPUT(build/rc522.elf elf32-littlearm)
LOAD linker stubs
LOAD C:/ST/STM32CubeCLT_1.17.0/GNU-tools-for-STM32/bin/../lib/gcc/arm-none-eabi/12.3.1/../../../../arm-none-eabi/lib/thumb/v7-m/nofp\libc.a
LOAD C:/ST/STM32CubeCLT_1.17.0/GNU-tools-for-STM32/bin/../lib/gcc/arm-none-eabi/12.3.1/../../../../arm-none-eabi/lib/thumb/v7-m/nofp\libm.a
LOAD C:/ST/STM32CubeCLT_1.17.0/GNU-tools-for-STM32/bin/../lib/gcc/arm-none-eabi/12.3.1/thumb/v7-m/nofp\libgcc.a

.ARM.attributes
                0x00000000       0x29
 .ARM.attributes
                0x00000000       0x1d C:/ST/STM32CubeCLT_1.17.0/GNU-tools-for-STM32/bin/../lib/gcc/arm-none-eabi/12.3.1/thumb/v7-m/nofp/crti.o
 .ARM.attributes
                0x0000001d       0x2d C:/ST/STM32CubeCLT_1.17.0/GNU-tools-for-STM32/bin/../lib/gcc/arm-none-eabi/12.3.1/thumb/v7-m/nofp/crtbegin.o
 .ARM.attributes
                0x0000004a       0x2d build/main.o
 .ARM.attributes
                0x00000077       0x2d build/gpio.o
 .ARM.attributes
                0x000000a4       0x2d build/spi.o
 .ARM.attributes
                0x000000d1       0x2d build/usart.o
 .ARM.attributes
                0x000000fe       0x2d build/stm32f1xx_it.o
 .ARM.attributes
                0x0000012b       0x2d build/stm32f1xx_hal_msp.o
 .ARM.attributes
                0x00000158       0x2d build/stm32f1xx_hal.o
 .ARM.attributes
                0x00000185       0x2d build/stm32f1xx_hal_rcc.o
 .ARM.attributes
                0x000001b2       0x2d build/stm32f1xx_hal_gpio.o
 .ARM.attributes
                0x000001df       0x2d build/stm32f1xx_hal_dma.o
 .ARM.attributes
                0x0000020c       0x2d build/stm32f1xx_hal_cortex.o
 .ARM.attributes
                0x00000239       0x2d build/stm32f1xx_hal_spi.o
 .ARM.attributes
                0x00000266       0x2d build/stm32f1xx_hal_uart.o
 .ARM.attributes
                0x00000293       0x2d build/system_stm32f1xx.o
 .ARM.attributes
                0x000002c0       0x2d build/sysconfig.o
 .ARM.attributes
                0x000002ed       0x2d build/rc522.o
 .ARM.attributes
                0x0000031a       0x2d build/rc522_cfg.o
 .ARM.attributes
                0x00000347       0x21 build/startup_stm32f103x6.o
 .ARM.attributes
                0x00000368       0x2d C:/ST/STM32CubeCLT_1.17.0/GNU-tools-for-STM32/bin/../lib/gcc/arm-none-eabi/12.3.1/../../../../arm-none-eabi/lib/thumb/v7-m/nofp\libc_nano.a(libc_a-memset.o)
 .ARM.attributes
                0x00000395       0x2d C:/ST/STM32CubeCLT_1.17.0/GNU-tools-for-STM32/bin/../lib/gcc/arm-none-eabi/12.3.1/../../../../arm-none-eabi/lib/thumb/v7-m/nofp\libc_nano.a(libc_a-init.o)
 .ARM.attributes
                0x000003c2       0x1d C:/ST/STM32CubeCLT_1.17.0/GNU-tools-for-STM32/bin/../lib/gcc/arm-none-eabi/12.3.1/thumb/v7-m/nofp/crtn.o

.comment        0x00000000       0x43
 .comment       0x00000000       0x43 build/main.o
                                 0x44 (size before relaxing)
 .comment       0x00000043       0x44 build/gpio.o
 .comment       0x00000043       0x44 build/spi.o
 .comment       0x00000043       0x44 build/usart.o
 .comment       0x00000043       0x44 build/stm32f1xx_it.o
 .comment       0x00000043       0x44 build/stm32f1xx_hal_msp.o
 .comment       0x00000043       0x44 build/stm32f1xx_hal.o
 .comment       0x00000043       0x44 build/stm32f1xx_hal_rcc.o
 .comment       0x00000043       0x44 build/stm32f1xx_hal_gpio.o
 .comment       0x00000043       0x44 build/stm32f1xx_hal_dma.o
 .comment       0x00000043       0x44 build/stm32f1xx_hal_cortex.o
 .comment       0x00000043       0x44 build/stm32f1xx_hal_spi.o
 .comment       0x00000043       0x44 build/stm32f1xx_hal_uart.o
 .comment       0x00000043       0x44 build/system_stm32f1xx.o
 .comment       0x00000043       0x44 build/sysconfig.o
 .comment       0x00000043       0x44 build/rc522.o
 .comment       0x00000043       0x44 build/rc522_cfg.o

.debug_info     0x00000000     0xcff5
 .debug_info    0x00000000      0x480 build/main.o
 .debug_info    0x00000480      0x574 build/gpio.o
 .debug_info    0x000009f4      0xf36 build/spi.o
 .debug_info    0x0000192a      0xc84 build/usart.o
 .debug_info    0x000025ae      0xa02 build/stm32f1xx_it.o
 .debug_info    0x00002fb0      0x238 build/stm32f1xx_hal_msp.o
 .debug_info    0x000031e8      0x862 build/stm32f1xx_hal.o
 .debug_info    0x00003a4a      0xb10 build/stm32f1xx_hal_rcc.o
 .debug_info    0x0000455a      0x6d7 build/stm32f1xx_hal_gpio.o
 .debug_info    0x00004c31      0x8bd build/stm32f1xx_hal_dma.o
 .debug_info    0x000054ee      0xdf5 build/stm32f1xx_hal_cortex.o
 .debug_info    0x000062e3     0x1e25 build/stm32f1xx_hal_spi.o
 .debug_info    0x00008108     0x42de build/stm32f1xx_hal_uart.o
 .debug_info    0x0000c3e6      0x26e build/system_stm32f1xx.o
 .debug_info    0x0000c654      0x2ec build/sysconfig.o
 .debug_info    0x0000c940      0x3fa build/rc522.o
 .debug_info    0x0000cd3a      0x28b build/rc522_cfg.o
 .debug_info    0x0000cfc5       0x30 build/startup_stm32f103x6.o

.debug_abbrev   0x00000000     0x23c7
 .debug_abbrev  0x00000000      0x246 build/main.o
 .debug_abbrev  0x00000246      0x1d0 build/gpio.o
 .debug_abbrev  0x00000416      0x29e build/spi.o
 .debug_abbrev  0x000006b4      0x240 build/usart.o
 .debug_abbrev  0x000008f4      0x183 build/stm32f1xx_it.o
 .debug_abbrev  0x00000a77       0xe7 build/stm32f1xx_hal_msp.o
 .debug_abbrev  0x00000b5e      0x232 build/stm32f1xx_hal.o
 .debug_abbrev  0x00000d90      0x2d6 build/stm32f1xx_hal_rcc.o
 .debug_abbrev  0x00001066      0x222 build/stm32f1xx_hal_gpio.o
 .debug_abbrev  0x00001288      0x261 build/stm32f1xx_hal_dma.o
 .debug_abbrev  0x000014e9      0x3aa build/stm32f1xx_hal_cortex.o
 .debug_abbrev  0x00001893      0x2be build/stm32f1xx_hal_spi.o
 .debug_abbrev  0x00001b51      0x35f build/stm32f1xx_hal_uart.o
 .debug_abbrev  0x00001eb0      0x140 build/system_stm32f1xx.o
 .debug_abbrev  0x00001ff0      0x134 build/sysconfig.o
 .debug_abbrev  0x00002124      0x145 build/rc522.o
 .debug_abbrev  0x00002269      0x141 build/rc522_cfg.o
 .debug_abbrev  0x000023aa       0x1d build/startup_stm32f103x6.o

.debug_loc      0x00000000     0x9c32
 .debug_loc     0x00000000       0x58 build/main.o
 .debug_loc     0x00000058      0x149 build/gpio.o
 .debug_loc     0x000001a1      0x370 build/spi.o
 .debug_loc     0x00000511      0x1e4 build/usart.o
 .debug_loc     0x000006f5       0x60 build/stm32f1xx_it.o
 .debug_loc     0x00000755       0x41 build/stm32f1xx_hal_msp.o
 .debug_loc     0x00000796      0x1e1 build/stm32f1xx_hal.o
 .debug_loc     0x00000977      0x790 build/stm32f1xx_hal_rcc.o
 .debug_loc     0x00001107      0x511 build/stm32f1xx_hal_gpio.o
 .debug_loc     0x00001618      0x8fb build/stm32f1xx_hal_dma.o
 .debug_loc     0x00001f13      0x782 build/stm32f1xx_hal_cortex.o
 .debug_loc     0x00002695     0x22f2 build/stm32f1xx_hal_spi.o
 .debug_loc     0x00004987     0x4d32 build/stm32f1xx_hal_uart.o
 .debug_loc     0x000096b9       0xff build/system_stm32f1xx.o
 .debug_loc     0x000097b8       0x46 build/sysconfig.o
 .debug_loc     0x000097fe      0x1d5 build/rc522.o
 .debug_loc     0x000099d3      0x25f build/rc522_cfg.o

.debug_aranges  0x00000000      0x958
 .debug_aranges
                0x00000000       0x30 build/main.o
 .debug_aranges
                0x00000030       0x40 build/gpio.o
 .debug_aranges
                0x00000070       0x40 build/spi.o
 .debug_aranges
                0x000000b0       0x48 build/usart.o
 .debug_aranges
                0x000000f8       0x70 build/stm32f1xx_it.o
 .debug_aranges
                0x00000168       0x20 build/stm32f1xx_hal_msp.o
 .debug_aranges
                0x00000188       0xe0 build/stm32f1xx_hal.o
 .debug_aranges
                0x00000268       0x90 build/stm32f1xx_hal_rcc.o
 .debug_aranges
                0x000002f8       0x58 build/stm32f1xx_hal_gpio.o
 .debug_aranges
                0x00000350       0x80 build/stm32f1xx_hal_dma.o
 .debug_aranges
                0x000003d0       0xc0 build/stm32f1xx_hal_cortex.o
 .debug_aranges
                0x00000490      0x1d0 build/stm32f1xx_hal_spi.o
 .debug_aranges
                0x00000660      0x208 build/stm32f1xx_hal_uart.o
 .debug_aranges
                0x00000868       0x28 build/system_stm32f1xx.o
 .debug_aranges
                0x00000890       0x20 build/sysconfig.o
 .debug_aranges
                0x000008b0       0x40 build/rc522.o
 .debug_aranges
                0x000008f0       0x40 build/rc522_cfg.o
 .debug_aranges
                0x00000930       0x28 build/startup_stm32f103x6.o

.debug_ranges   0x00000000      0x890
 .debug_ranges  0x00000000       0x20 build/main.o
 .debug_ranges  0x00000020       0x30 build/gpio.o
 .debug_ranges  0x00000050       0x48 build/spi.o
 .debug_ranges  0x00000098       0x38 build/usart.o
 .debug_ranges  0x000000d0       0x60 build/stm32f1xx_it.o
 .debug_ranges  0x00000130       0x10 build/stm32f1xx_hal_msp.o
 .debug_ranges  0x00000140       0xd0 build/stm32f1xx_hal.o
 .debug_ranges  0x00000210       0xa0 build/stm32f1xx_hal_rcc.o
 .debug_ranges  0x000002b0       0x48 build/stm32f1xx_hal_gpio.o
 .debug_ranges  0x000002f8       0x70 build/stm32f1xx_hal_dma.o
 .debug_ranges  0x00000368       0xb0 build/stm32f1xx_hal_cortex.o
 .debug_ranges  0x00000418      0x1c0 build/stm32f1xx_hal_spi.o
 .debug_ranges  0x000005d8      0x210 build/stm32f1xx_hal_uart.o
 .debug_ranges  0x000007e8       0x18 build/system_stm32f1xx.o
 .debug_ranges  0x00000800       0x10 build/sysconfig.o
 .debug_ranges  0x00000810       0x30 build/rc522.o
 .debug_ranges  0x00000840       0x30 build/rc522_cfg.o
 .debug_ranges  0x00000870       0x20 build/startup_stm32f103x6.o

.debug_line     0x00000000     0xaf51
 .debug_line    0x00000000      0x2f2 build/main.o
 .debug_line    0x000002f2      0x2d2 build/gpio.o
 .debug_line    0x000005c4      0x4be build/spi.o
 .debug_line    0x00000a82      0x3a1 build/usart.o
 .debug_line    0x00000e23      0x353 build/stm32f1xx_it.o
 .debug_line    0x00001176      0x1b1 build/stm32f1xx_hal_msp.o
 .debug_line    0x00001327      0x568 build/stm32f1xx_hal.o
 .debug_line    0x0000188f      0xc50 build/stm32f1xx_hal_rcc.o
 .debug_line    0x000024df      0x5d1 build/stm32f1xx_hal_gpio.o
 .debug_line    0x00002ab0      0xa94 build/stm32f1xx_hal_dma.o
 .debug_line    0x00003544      0x70b build/stm32f1xx_hal_cortex.o
 .debug_line    0x00003c4f     0x266b build/stm32f1xx_hal_spi.o
 .debug_line    0x000062ba     0x42da build/stm32f1xx_hal_uart.o
 .debug_line    0x0000a594      0x27b build/system_stm32f1xx.o
 .debug_line    0x0000a80f      0x26e build/sysconfig.o
 .debug_line    0x0000aa7d      0x21e build/rc522.o
 .debug_line    0x0000ac9b      0x242 build/rc522_cfg.o
 .debug_line    0x0000aedd       0x74 build/startup_stm32f103x6.o

.debug_str      0x00000000     0x272c
 .debug_str     0x00000000      0x2cc build/main.o
                                0x348 (size before relaxing)
 .debug_str     0x000002cc      0x135 build/gpio.o
                                0x323 (size before relaxing)
 .debug_str     0x00000401      0x6c6 build/spi.o
                                0xa00 (size before relaxing)
 .debug_str     0x00000ac7      0x257 build/usart.o
                                0xa0e (size before relaxing)
 .debug_str     0x00000d1e       0xf8 build/stm32f1xx_it.o
                                0x7f4 (size before relaxing)
 .debug_str     0x00000e16       0x52 build/stm32f1xx_hal_msp.o
                                0x209 (size before relaxing)
 .debug_str     0x00000e68      0x2f5 build/stm32f1xx_hal.o
                                0x7e3 (size before relaxing)
 .debug_str     0x0000115d      0x343 build/stm32f1xx_hal_rcc.o
                                0x61a (size before relaxing)
 .debug_str     0x000014a0       0xe5 build/stm32f1xx_hal_gpio.o
                                0x3ef (size before relaxing)
 .debug_str     0x00001585      0x23c build/stm32f1xx_hal_dma.o
                                0x5ec (size before relaxing)
 .debug_str     0x000017c1      0x391 build/stm32f1xx_hal_cortex.o
                                0x888 (size before relaxing)
 .debug_str     0x00001b52      0x4eb build/stm32f1xx_hal_spi.o
                                0xb50 (size before relaxing)
 .debug_str     0x0000203d      0x5b2 build/stm32f1xx_hal_uart.o
                                0xce3 (size before relaxing)
 .debug_str     0x000025ef       0x4a build/system_stm32f1xx.o
                                0x23e (size before relaxing)
 .debug_str     0x00002639       0x21 build/sysconfig.o
                                0x328 (size before relaxing)
 .debug_str     0x0000265a       0x7f build/rc522.o
                                0x22f (size before relaxing)
 .debug_str     0x000026d9       0x21 build/rc522_cfg.o
                                0x229 (size before relaxing)
 .debug_str     0x000026fa       0x32 build/startup_stm32f103x6.o
                                 0x7a (size before relaxing)

.debug_frame    0x00000000     0x17d0
 .debug_frame   0x00000000       0x54 build/main.o
 .debug_frame   0x00000054       0x98 build/gpio.o
 .debug_frame   0x000000ec       0xb8 build/spi.o
 .debug_frame   0x000001a4       0xac build/usart.o
 .debug_frame   0x00000250       0xd8 build/stm32f1xx_it.o
 .debug_frame   0x00000328       0x28 build/stm32f1xx_hal_msp.o
 .debug_frame   0x00000350      0x1cc build/stm32f1xx_hal.o
 .debug_frame   0x0000051c      0x184 build/stm32f1xx_hal_rcc.o
 .debug_frame   0x000006a0       0xe0 build/stm32f1xx_hal_gpio.o
 .debug_frame   0x00000780      0x144 build/stm32f1xx_hal_dma.o
 .debug_frame   0x000008c4      0x19c build/stm32f1xx_hal_cortex.o
 .debug_frame   0x00000a60      0x5c8 build/stm32f1xx_hal_spi.o
 .debug_frame   0x00001028      0x5dc build/stm32f1xx_hal_uart.o
 .debug_frame   0x00001604       0x30 build/system_stm32f1xx.o
 .debug_frame   0x00001634       0x30 build/sysconfig.o
 .debug_frame   0x00001664       0x94 build/rc522.o
 .debug_frame   0x000016f8       0x8c build/rc522_cfg.o
 .debug_frame   0x00001784       0x20 C:/ST/STM32CubeCLT_1.17.0/GNU-tools-for-STM32/bin/../lib/gcc/arm-none-eabi/12.3.1/../../../../arm-none-eabi/lib/thumb/v7-m/nofp\libc_nano.a(libc_a-memset.o)
 .debug_frame   0x000017a4       0x2c C:/ST/STM32CubeCLT_1.17.0/GNU-tools-for-STM32/bin/../lib/gcc/arm-none-eabi/12.3.1/../../../../arm-none-eabi/lib/thumb/v7-m/nofp\libc_nano.a(libc_a-init.o)

Cross Reference Table

Symbol                                            File
ADC1_2_IRQHandler                                 build/startup_stm32f103x6.o
AHBPrescTable                                     build/system_stm32f1xx.o
                                                  build/stm32f1xx_hal_rcc.o
APBPrescTable                                     build/system_stm32f1xx.o
                                                  build/stm32f1xx_hal_rcc.o
BusFault_Handler                                  build/stm32f1xx_it.o
CAN1_RX1_IRQHandler                               build/startup_stm32f103x6.o
CAN1_SCE_IRQHandler                               build/startup_stm32f103x6.o
DMA1_Channel1_IRQHandler                          build/startup_stm32f103x6.o
DMA1_Channel2_IRQHandler                          build/startup_stm32f103x6.o
DMA1_Channel3_IRQHandler                          build/startup_stm32f103x6.o
DMA1_Channel4_IRQHandler                          build/startup_stm32f103x6.o
DMA1_Channel5_IRQHandler                          build/startup_stm32f103x6.o
DMA1_Channel6_IRQHandler                          build/startup_stm32f103x6.o
DMA1_Channel7_IRQHandler                          build/startup_stm32f103x6.o
DebugMon_Handler                                  build/stm32f1xx_it.o
Default_Handler                                   build/startup_stm32f103x6.o
EXTI0_IRQHandler                                  build/startup_stm32f103x6.o
EXTI15_10_IRQHandler                              build/startup_stm32f103x6.o
EXTI1_IRQHandler                                  build/startup_stm32f103x6.o
EXTI2_IRQHandler                                  build/startup_stm32f103x6.o
EXTI3_IRQHandler                                  build/startup_stm32f103x6.o
EXTI4_IRQHandler                                  build/startup_stm32f103x6.o
EXTI9_5_IRQHandler                                build/startup_stm32f103x6.o
Error_Handler                                     build/main.o
                                                  build/sysconfig.o
                                                  build/usart.o
                                                  build/spi.o
FLASH_IRQHandler                                  build/startup_stm32f103x6.o
FLASH_PageErase                                   build/stm32f1xx_hal_flash_ex.o
                                                  build/stm32f1xx_hal_flash.o
FLASH_WaitForLastOperation                        build/stm32f1xx_hal_flash.o
                                                  build/stm32f1xx_hal_flash_ex.o
HAL_DBGMCU_DisableDBGSleepMode                    build/stm32f1xx_hal.o
HAL_DBGMCU_DisableDBGStandbyMode                  build/stm32f1xx_hal.o
HAL_DBGMCU_DisableDBGStopMode                     build/stm32f1xx_hal.o
HAL_DBGMCU_EnableDBGSleepMode                     build/stm32f1xx_hal.o
HAL_DBGMCU_EnableDBGStandbyMode                   build/stm32f1xx_hal.o
HAL_DBGMCU_EnableDBGStopMode                      build/stm32f1xx_hal.o
HAL_DMA_Abort                                     build/stm32f1xx_hal_dma.o
                                                  build/stm32f1xx_hal_uart.o
                                                  build/stm32f1xx_hal_spi.o
HAL_DMA_Abort_IT                                  build/stm32f1xx_hal_dma.o
                                                  build/stm32f1xx_hal_uart.o
                                                  build/stm32f1xx_hal_spi.o
HAL_DMA_DeInit                                    build/stm32f1xx_hal_dma.o
HAL_DMA_GetError                                  build/stm32f1xx_hal_dma.o
                                                  build/stm32f1xx_hal_uart.o
HAL_DMA_GetState                                  build/stm32f1xx_hal_dma.o
HAL_DMA_IRQHandler                                build/stm32f1xx_hal_dma.o
HAL_DMA_Init                                      build/stm32f1xx_hal_dma.o
HAL_DMA_PollForTransfer                           build/stm32f1xx_hal_dma.o
HAL_DMA_RegisterCallback                          build/stm32f1xx_hal_dma.o
HAL_DMA_Start                                     build/stm32f1xx_hal_dma.o
HAL_DMA_Start_IT                                  build/stm32f1xx_hal_dma.o
                                                  build/stm32f1xx_hal_uart.o
                                                  build/stm32f1xx_hal_spi.o
HAL_DMA_UnRegisterCallback                        build/stm32f1xx_hal_dma.o
HAL_DeInit                                        build/stm32f1xx_hal.o
HAL_Delay                                         build/stm32f1xx_hal.o
                                                  build/main.o
HAL_EXTI_ClearConfigLine                          build/stm32f1xx_hal_exti.o
HAL_EXTI_ClearPending                             build/stm32f1xx_hal_exti.o
HAL_EXTI_GenerateSWI                              build/stm32f1xx_hal_exti.o
HAL_EXTI_GetConfigLine                            build/stm32f1xx_hal_exti.o
HAL_EXTI_GetHandle                                build/stm32f1xx_hal_exti.o
HAL_EXTI_GetPending                               build/stm32f1xx_hal_exti.o
HAL_EXTI_IRQHandler                               build/stm32f1xx_hal_exti.o
HAL_EXTI_RegisterCallback                         build/stm32f1xx_hal_exti.o
HAL_EXTI_SetConfigLine                            build/stm32f1xx_hal_exti.o
HAL_FLASHEx_Erase                                 build/stm32f1xx_hal_flash_ex.o
HAL_FLASHEx_Erase_IT                              build/stm32f1xx_hal_flash_ex.o
HAL_FLASHEx_OBErase                               build/stm32f1xx_hal_flash_ex.o
HAL_FLASHEx_OBGetConfig                           build/stm32f1xx_hal_flash_ex.o
HAL_FLASHEx_OBGetUserData                         build/stm32f1xx_hal_flash_ex.o
HAL_FLASHEx_OBProgram                             build/stm32f1xx_hal_flash_ex.o
HAL_FLASH_EndOfOperationCallback                  build/stm32f1xx_hal_flash.o
HAL_FLASH_GetError                                build/stm32f1xx_hal_flash.o
HAL_FLASH_IRQHandler                              build/stm32f1xx_hal_flash.o
HAL_FLASH_Lock                                    build/stm32f1xx_hal_flash.o
HAL_FLASH_OB_Launch                               build/stm32f1xx_hal_flash.o
HAL_FLASH_OB_Lock                                 build/stm32f1xx_hal_flash.o
HAL_FLASH_OB_Unlock                               build/stm32f1xx_hal_flash.o
HAL_FLASH_OperationErrorCallback                  build/stm32f1xx_hal_flash.o
HAL_FLASH_Program                                 build/stm32f1xx_hal_flash.o
HAL_FLASH_Program_IT                              build/stm32f1xx_hal_flash.o
HAL_FLASH_Unlock                                  build/stm32f1xx_hal_flash.o
HAL_GPIOEx_ConfigEventout                         build/stm32f1xx_hal_gpio_ex.o
HAL_GPIOEx_DisableEventout                        build/stm32f1xx_hal_gpio_ex.o
HAL_GPIOEx_EnableEventout                         build/stm32f1xx_hal_gpio_ex.o
HAL_GPIO_DeInit                                   build/stm32f1xx_hal_gpio.o
                                                  build/usart.o
                                                  build/spi.o
                                                  build/gpio.o
HAL_GPIO_EXTI_Callback                            build/stm32f1xx_hal_gpio.o
HAL_GPIO_EXTI_IRQHandler                          build/stm32f1xx_hal_gpio.o
HAL_GPIO_Init                                     build/stm32f1xx_hal_gpio.o
                                                  build/stm32f1xx_hal_rcc.o
                                                  build/usart.o
                                                  build/spi.o
                                                  build/gpio.o
HAL_GPIO_LockPin                                  build/stm32f1xx_hal_gpio.o
HAL_GPIO_ReadPin                                  build/stm32f1xx_hal_gpio.o
                                                  build/gpio.o
HAL_GPIO_TogglePin                                build/stm32f1xx_hal_gpio.o
                                                  build/main.o
HAL_GPIO_WritePin                                 build/stm32f1xx_hal_gpio.o
                                                  build/spi.o
                                                  build/gpio.o
HAL_GetDEVID                                      build/stm32f1xx_hal.o
HAL_GetHalVersion                                 build/stm32f1xx_hal.o
HAL_GetREVID                                      build/stm32f1xx_hal.o
HAL_GetTick                                       build/stm32f1xx_hal.o
                                                  build/stm32f1xx_hal_uart.o
                                                  build/stm32f1xx_hal_spi.o
                                                  build/stm32f1xx_hal_flash.o
                                                  build/stm32f1xx_hal_dma.o
                                                  build/stm32f1xx_hal_rcc_ex.o
                                                  build/stm32f1xx_hal_rcc.o
HAL_GetTickFreq                                   build/stm32f1xx_hal.o
HAL_GetTickPrio                                   build/stm32f1xx_hal.o
HAL_GetUIDw0                                      build/stm32f1xx_hal.o
HAL_GetUIDw1                                      build/stm32f1xx_hal.o
HAL_GetUIDw2                                      build/stm32f1xx_hal.o
HAL_HalfDuplex_EnableReceiver                     build/stm32f1xx_hal_uart.o
HAL_HalfDuplex_EnableTransmitter                  build/stm32f1xx_hal_uart.o
HAL_HalfDuplex_Init                               build/stm32f1xx_hal_uart.o
HAL_IncTick                                       build/stm32f1xx_hal.o
                                                  build/stm32f1xx_it.o
HAL_Init                                          build/stm32f1xx_hal.o
                                                  build/main.o
HAL_InitTick                                      build/stm32f1xx_hal.o
                                                  build/stm32f1xx_hal_rcc.o
HAL_LIN_Init                                      build/stm32f1xx_hal_uart.o
HAL_LIN_SendBreak                                 build/stm32f1xx_hal_uart.o
HAL_MspDeInit                                     build/stm32f1xx_hal.o
HAL_MspInit                                       build/stm32f1xx_hal_msp.o
HAL_MultiProcessor_EnterMuteMode                  build/stm32f1xx_hal_uart.o
HAL_MultiProcessor_ExitMuteMode                   build/stm32f1xx_hal_uart.o
HAL_MultiProcessor_Init                           build/stm32f1xx_hal_uart.o
HAL_NVIC_ClearPendingIRQ                          build/stm32f1xx_hal_cortex.o
HAL_NVIC_DisableIRQ                               build/stm32f1xx_hal_cortex.o
                                                  build/usart.o
                                                  build/spi.o
HAL_NVIC_EnableIRQ                                build/stm32f1xx_hal_cortex.o
                                                  build/usart.o
                                                  build/spi.o
HAL_NVIC_GetActive                                build/stm32f1xx_hal_cortex.o
HAL_NVIC_GetPendingIRQ                            build/stm32f1xx_hal_cortex.o
HAL_NVIC_GetPriority                              build/stm32f1xx_hal_cortex.o
HAL_NVIC_GetPriorityGrouping                      build/stm32f1xx_hal_cortex.o
HAL_NVIC_SetPendingIRQ                            build/stm32f1xx_hal_cortex.o
HAL_NVIC_SetPriority                              build/stm32f1xx_hal_cortex.o
                                                  build/stm32f1xx_hal.o
                                                  build/usart.o
                                                  build/spi.o
HAL_NVIC_SetPriorityGrouping                      build/stm32f1xx_hal_cortex.o
                                                  build/stm32f1xx_hal.o
HAL_NVIC_SystemReset                              build/stm32f1xx_hal_cortex.o
                                                  build/stm32f1xx_hal_flash.o
HAL_PWR_ConfigPVD                                 build/stm32f1xx_hal_pwr.o
HAL_PWR_DeInit                                    build/stm32f1xx_hal_pwr.o
HAL_PWR_DisableBkUpAccess                         build/stm32f1xx_hal_pwr.o
HAL_PWR_DisablePVD                                build/stm32f1xx_hal_pwr.o
HAL_PWR_DisableSEVOnPend                          build/stm32f1xx_hal_pwr.o
HAL_PWR_DisableSleepOnExit                        build/stm32f1xx_hal_pwr.o
HAL_PWR_DisableWakeUpPin                          build/stm32f1xx_hal_pwr.o
HAL_PWR_EnableBkUpAccess                          build/stm32f1xx_hal_pwr.o
HAL_PWR_EnablePVD                                 build/stm32f1xx_hal_pwr.o
HAL_PWR_EnableSEVOnPend                           build/stm32f1xx_hal_pwr.o
HAL_PWR_EnableSleepOnExit                         build/stm32f1xx_hal_pwr.o
HAL_PWR_EnableWakeUpPin                           build/stm32f1xx_hal_pwr.o
HAL_PWR_EnterSLEEPMode                            build/stm32f1xx_hal_pwr.o
HAL_PWR_EnterSTANDBYMode                          build/stm32f1xx_hal_pwr.o
HAL_PWR_EnterSTOPMode                             build/stm32f1xx_hal_pwr.o
HAL_PWR_PVDCallback                               build/stm32f1xx_hal_pwr.o
HAL_PWR_PVD_IRQHandler                            build/stm32f1xx_hal_pwr.o
HAL_RCCEx_GetPeriphCLKConfig                      build/stm32f1xx_hal_rcc_ex.o
HAL_RCCEx_GetPeriphCLKFreq                        build/stm32f1xx_hal_rcc_ex.o
HAL_RCCEx_PeriphCLKConfig                         build/stm32f1xx_hal_rcc_ex.o
HAL_RCC_CSSCallback                               build/stm32f1xx_hal_rcc.o
HAL_RCC_ClockConfig                               build/stm32f1xx_hal_rcc.o
                                                  build/sysconfig.o
HAL_RCC_DeInit                                    build/stm32f1xx_hal_rcc.o
HAL_RCC_DisableCSS                                build/stm32f1xx_hal_rcc.o
HAL_RCC_EnableCSS                                 build/stm32f1xx_hal_rcc.o
HAL_RCC_GetClockConfig                            build/stm32f1xx_hal_rcc.o
HAL_RCC_GetHCLKFreq                               build/stm32f1xx_hal_rcc.o
HAL_RCC_GetOscConfig                              build/stm32f1xx_hal_rcc.o
HAL_RCC_GetPCLK1Freq                              build/stm32f1xx_hal_rcc.o
                                                  build/stm32f1xx_hal_uart.o
HAL_RCC_GetPCLK2Freq                              build/stm32f1xx_hal_rcc.o
                                                  build/stm32f1xx_hal_uart.o
                                                  build/stm32f1xx_hal_rcc_ex.o
HAL_RCC_GetSysClockFreq                           build/stm32f1xx_hal_rcc.o
HAL_RCC_MCOConfig                                 build/stm32f1xx_hal_rcc.o
HAL_RCC_NMI_IRQHandler                            build/stm32f1xx_hal_rcc.o
HAL_RCC_OscConfig                                 build/stm32f1xx_hal_rcc.o
                                                  build/sysconfig.o
HAL_ResumeTick                                    build/stm32f1xx_hal.o
HAL_SPI_Abort                                     build/stm32f1xx_hal_spi.o
HAL_SPI_AbortCpltCallback                         build/stm32f1xx_hal_spi.o
HAL_SPI_Abort_IT                                  build/stm32f1xx_hal_spi.o
HAL_SPI_DMAPause                                  build/stm32f1xx_hal_spi.o
HAL_SPI_DMAResume                                 build/stm32f1xx_hal_spi.o
HAL_SPI_DMAStop                                   build/stm32f1xx_hal_spi.o
HAL_SPI_DeInit                                    build/stm32f1xx_hal_spi.o
HAL_SPI_ErrorCallback                             build/stm32f1xx_hal_spi.o
HAL_SPI_GetError                                  build/stm32f1xx_hal_spi.o
HAL_SPI_GetState                                  build/stm32f1xx_hal_spi.o
HAL_SPI_IRQHandler                                build/stm32f1xx_hal_spi.o
                                                  build/stm32f1xx_it.o
HAL_SPI_Init                                      build/stm32f1xx_hal_spi.o
                                                  build/spi.o
HAL_SPI_MspDeInit                                 build/spi.o
HAL_SPI_MspInit                                   build/spi.o
HAL_SPI_Receive                                   build/stm32f1xx_hal_spi.o
                                                  build/spi.o
HAL_SPI_Receive_DMA                               build/stm32f1xx_hal_spi.o
HAL_SPI_Receive_IT                                build/stm32f1xx_hal_spi.o
HAL_SPI_RxCpltCallback                            build/stm32f1xx_hal_spi.o
HAL_SPI_RxHalfCpltCallback                        build/stm32f1xx_hal_spi.o
HAL_SPI_Transmit                                  build/stm32f1xx_hal_spi.o
                                                  build/spi.o
HAL_SPI_TransmitReceive                           build/stm32f1xx_hal_spi.o
HAL_SPI_TransmitReceive_DMA                       build/stm32f1xx_hal_spi.o
HAL_SPI_TransmitReceive_IT                        build/stm32f1xx_hal_spi.o
HAL_SPI_Transmit_DMA                              build/stm32f1xx_hal_spi.o
HAL_SPI_Transmit_IT                               build/stm32f1xx_hal_spi.o
HAL_SPI_TxCpltCallback                            build/stm32f1xx_hal_spi.o
HAL_SPI_TxHalfCpltCallback                        build/stm32f1xx_hal_spi.o
HAL_SPI_TxRxCpltCallback                          build/stm32f1xx_hal_spi.o
HAL_SPI_TxRxHalfCpltCallback                      build/stm32f1xx_hal_spi.o
HAL_SYSTICK_CLKSourceConfig                       build/stm32f1xx_hal_cortex.o
HAL_SYSTICK_Callback                              build/stm32f1xx_hal_cortex.o
HAL_SYSTICK_Config                                build/stm32f1xx_hal_cortex.o
                                                  build/stm32f1xx_hal.o
HAL_SYSTICK_IRQHandler                            build/stm32f1xx_hal_cortex.o
HAL_SetTickFreq                                   build/stm32f1xx_hal.o
HAL_SuspendTick                                   build/stm32f1xx_hal.o
HAL_UARTEx_GetRxEventType                         build/stm32f1xx_hal_uart.o
HAL_UARTEx_ReceiveToIdle                          build/stm32f1xx_hal_uart.o
HAL_UARTEx_ReceiveToIdle_DMA                      build/stm32f1xx_hal_uart.o
HAL_UARTEx_ReceiveToIdle_IT                       build/stm32f1xx_hal_uart.o
HAL_UARTEx_RxEventCallback                        build/stm32f1xx_hal_uart.o
HAL_UART_Abort                                    build/stm32f1xx_hal_uart.o
HAL_UART_AbortCpltCallback                        build/stm32f1xx_hal_uart.o
HAL_UART_AbortReceive                             build/stm32f1xx_hal_uart.o
HAL_UART_AbortReceiveCpltCallback                 build/stm32f1xx_hal_uart.o
HAL_UART_AbortReceive_IT                          build/stm32f1xx_hal_uart.o
HAL_UART_AbortTransmit                            build/stm32f1xx_hal_uart.o
HAL_UART_AbortTransmitCpltCallback                build/stm32f1xx_hal_uart.o
HAL_UART_AbortTransmit_IT                         build/stm32f1xx_hal_uart.o
HAL_UART_Abort_IT                                 build/stm32f1xx_hal_uart.o
HAL_UART_DMAPause                                 build/stm32f1xx_hal_uart.o
HAL_UART_DMAResume                                build/stm32f1xx_hal_uart.o
HAL_UART_DMAStop                                  build/stm32f1xx_hal_uart.o
HAL_UART_DeInit                                   build/stm32f1xx_hal_uart.o
HAL_UART_ErrorCallback                            build/stm32f1xx_hal_uart.o
HAL_UART_GetError                                 build/stm32f1xx_hal_uart.o
HAL_UART_GetState                                 build/stm32f1xx_hal_uart.o
HAL_UART_IRQHandler                               build/stm32f1xx_hal_uart.o
                                                  build/stm32f1xx_it.o
HAL_UART_Init                                     build/stm32f1xx_hal_uart.o
                                                  build/usart.o
HAL_UART_MspDeInit                                build/usart.o
HAL_UART_MspInit                                  build/usart.o
HAL_UART_Receive                                  build/stm32f1xx_hal_uart.o
HAL_UART_Receive_DMA                              build/stm32f1xx_hal_uart.o
HAL_UART_Receive_IT                               build/stm32f1xx_hal_uart.o
                                                  build/usart.o
HAL_UART_RxCpltCallback                           build/usart.o
HAL_UART_RxHalfCpltCallback                       build/stm32f1xx_hal_uart.o
HAL_UART_Transmit                                 build/stm32f1xx_hal_uart.o
                                                  build/usart.o
HAL_UART_Transmit_DMA                             build/stm32f1xx_hal_uart.o
HAL_UART_Transmit_IT                              build/stm32f1xx_hal_uart.o
HAL_UART_TxCpltCallback                           build/stm32f1xx_hal_uart.o
HAL_UART_TxHalfCpltCallback                       build/stm32f1xx_hal_uart.o
HardFault_Handler                                 build/stm32f1xx_it.o
I2C1_ER_IRQHandler                                build/startup_stm32f103x6.o
I2C1_EV_IRQHandler                                build/startup_stm32f103x6.o
MX_GPIO_Init                                      build/gpio.o
                                                  build/main.o
MX_SPI1_Init                                      build/spi.o
                                                  build/main.o
MX_USART1_UART_Init                               build/usart.o
MemManage_Handler                                 build/stm32f1xx_it.o
NMI_Handler                                       build/stm32f1xx_it.o
PVD_IRQHandler                                    build/startup_stm32f103x6.o
PendSV_Handler                                    build/stm32f1xx_it.o
RCC_IRQHandler                                    build/startup_stm32f103x6.o
RTC_Alarm_IRQHandler                              build/startup_stm32f103x6.o
RTC_IRQHandler                                    build/startup_stm32f103x6.o
Reset_Handler                                     build/startup_stm32f103x6.o
SPI1_IRQHandler                                   build/stm32f1xx_it.o
SVC_Handler                                       build/stm32f1xx_it.o
SysTick_Handler                                   build/stm32f1xx_it.o
SystemClock_Config                                build/sysconfig.o
                                                  build/main.o
SystemCoreClock                                   build/system_stm32f1xx.o
                                                  build/stm32f1xx_hal_spi.o
                                                  build/stm32f1xx_hal_rcc.o
                                                  build/stm32f1xx_hal.o
SystemCoreClockUpdate                             build/system_stm32f1xx.o
SystemInit                                        build/system_stm32f1xx.o
                                                  build/startup_stm32f103x6.o
TAMPER_IRQHandler                                 build/startup_stm32f103x6.o
TIM1_BRK_IRQHandler                               build/startup_stm32f103x6.o
TIM1_CC_IRQHandler                                build/startup_stm32f103x6.o
TIM1_TRG_COM_IRQHandler                           build/startup_stm32f103x6.o
TIM1_UP_IRQHandler                                build/startup_stm32f103x6.o
TIM2_IRQHandler                                   build/startup_stm32f103x6.o
TIM3_IRQHandler                                   build/startup_stm32f103x6.o
UART_Start_Receive_DMA                            build/stm32f1xx_hal_uart.o
UART_Start_Receive_IT                             build/stm32f1xx_hal_uart.o
USART1_IRQHandler                                 build/stm32f1xx_it.o
USART2_IRQHandler                                 build/startup_stm32f103x6.o
USBWakeUp_IRQHandler                              build/startup_stm32f103x6.o
USB_HP_CAN1_TX_IRQHandler                         build/startup_stm32f103x6.o
USB_LP_CAN1_RX0_IRQHandler                        build/startup_stm32f103x6.o
UsageFault_Handler                                build/stm32f1xx_it.o
WWDG_IRQHandler                                   build/startup_stm32f103x6.o
_Min_Stack_Size                                   build/sysmem.o
__bss_end__                                       C:/ST/STM32CubeCLT_1.17.0/GNU-tools-for-STM32/bin/../lib/gcc/arm-none-eabi/12.3.1/../../../../arm-none-eabi/lib/thumb/v7-m/nofp/crt0.o
__bss_start__                                     C:/ST/STM32CubeCLT_1.17.0/GNU-tools-for-STM32/bin/../lib/gcc/arm-none-eabi/12.3.1/../../../../arm-none-eabi/lib/thumb/v7-m/nofp/crt0.o
__call_exitprocs                                  C:/ST/STM32CubeCLT_1.17.0/GNU-tools-for-STM32/bin/../lib/gcc/arm-none-eabi/12.3.1/../../../../arm-none-eabi/lib/thumb/v7-m/nofp\libc_nano.a(libc_a-exit.o)
__deregister_frame_info                           C:/ST/STM32CubeCLT_1.17.0/GNU-tools-for-STM32/bin/../lib/gcc/arm-none-eabi/12.3.1/thumb/v7-m/nofp/crtbegin.o
__dso_handle                                      C:/ST/STM32CubeCLT_1.17.0/GNU-tools-for-STM32/bin/../lib/gcc/arm-none-eabi/12.3.1/thumb/v7-m/nofp/crtbegin.o
__env                                             build/syscalls.o
__errno                                           C:/ST/STM32CubeCLT_1.17.0/GNU-tools-for-STM32/bin/../lib/gcc/arm-none-eabi/12.3.1/../../../../arm-none-eabi/lib/thumb/v7-m/nofp\libc_nano.a(libc_a-errno.o)
                                                  build/syscalls.o
                                                  build/sysmem.o
__fp_lock_all                                     C:/ST/STM32CubeCLT_1.17.0/GNU-tools-for-STM32/bin/../lib/gcc/arm-none-eabi/12.3.1/../../../../arm-none-eabi/lib/thumb/v7-m/nofp\libc_nano.a(libc_a-findfp.o)
__fp_unlock_all                                   C:/ST/STM32CubeCLT_1.17.0/GNU-tools-for-STM32/bin/../lib/gcc/arm-none-eabi/12.3.1/../../../../arm-none-eabi/lib/thumb/v7-m/nofp\libc_nano.a(libc_a-findfp.o)
__init_array_end                                  C:/ST/STM32CubeCLT_1.17.0/GNU-tools-for-STM32/bin/../lib/gcc/arm-none-eabi/12.3.1/../../../../arm-none-eabi/lib/thumb/v7-m/nofp\libc_nano.a(libc_a-init.o)
__init_array_start                                C:/ST/STM32CubeCLT_1.17.0/GNU-tools-for-STM32/bin/../lib/gcc/arm-none-eabi/12.3.1/../../../../arm-none-eabi/lib/thumb/v7-m/nofp\libc_nano.a(libc_a-init.o)
__io_getchar                                      build/syscalls.o
__io_putchar                                      build/syscalls.o
__libc_fini_array                                 C:/ST/STM32CubeCLT_1.17.0/GNU-tools-for-STM32/bin/../lib/gcc/arm-none-eabi/12.3.1/../../../../arm-none-eabi/lib/thumb/v7-m/nofp/crt0.o
__libc_init_array                                 C:/ST/STM32CubeCLT_1.17.0/GNU-tools-for-STM32/bin/../lib/gcc/arm-none-eabi/12.3.1/../../../../arm-none-eabi/lib/thumb/v7-m/nofp\libc_nano.a(libc_a-init.o)
                                                  build/startup_stm32f103x6.o
                                                  C:/ST/STM32CubeCLT_1.17.0/GNU-tools-for-STM32/bin/../lib/gcc/arm-none-eabi/12.3.1/../../../../arm-none-eabi/lib/thumb/v7-m/nofp/crt0.o
__lock___arc4random_mutex                         C:/ST/STM32CubeCLT_1.17.0/GNU-tools-for-STM32/bin/../lib/gcc/arm-none-eabi/12.3.1/../../../../arm-none-eabi/lib/thumb/v7-m/nofp\libc_nano.a(libc_a-lock.o)
__lock___at_quick_exit_mutex                      C:/ST/STM32CubeCLT_1.17.0/GNU-tools-for-STM32/bin/../lib/gcc/arm-none-eabi/12.3.1/../../../../arm-none-eabi/lib/thumb/v7-m/nofp\libc_nano.a(libc_a-lock.o)
__lock___atexit_recursive_mutex                   C:/ST/STM32CubeCLT_1.17.0/GNU-tools-for-STM32/bin/../lib/gcc/arm-none-eabi/12.3.1/../../../../arm-none-eabi/lib/thumb/v7-m/nofp\libc_nano.a(libc_a-lock.o)
__lock___dd_hash_mutex                            C:/ST/STM32CubeCLT_1.17.0/GNU-tools-for-STM32/bin/../lib/gcc/arm-none-eabi/12.3.1/../../../../arm-none-eabi/lib/thumb/v7-m/nofp\libc_nano.a(libc_a-lock.o)
__lock___env_recursive_mutex                      C:/ST/STM32CubeCLT_1.17.0/GNU-tools-for-STM32/bin/../lib/gcc/arm-none-eabi/12.3.1/../../../../arm-none-eabi/lib/thumb/v7-m/nofp\libc_nano.a(libc_a-lock.o)
__lock___malloc_recursive_mutex                   C:/ST/STM32CubeCLT_1.17.0/GNU-tools-for-STM32/bin/../lib/gcc/arm-none-eabi/12.3.1/../../../../arm-none-eabi/lib/thumb/v7-m/nofp\libc_nano.a(libc_a-lock.o)
                                                  C:/ST/STM32CubeCLT_1.17.0/GNU-tools-for-STM32/bin/../lib/gcc/arm-none-eabi/12.3.1/../../../../arm-none-eabi/lib/thumb/v7-m/nofp\libc_nano.a(libc_a-mlock.o)
__lock___sfp_recursive_mutex                      C:/ST/STM32CubeCLT_1.17.0/GNU-tools-for-STM32/bin/../lib/gcc/arm-none-eabi/12.3.1/../../../../arm-none-eabi/lib/thumb/v7-m/nofp\libc_nano.a(libc_a-lock.o)
                                                  C:/ST/STM32CubeCLT_1.17.0/GNU-tools-for-STM32/bin/../lib/gcc/arm-none-eabi/12.3.1/../../../../arm-none-eabi/lib/thumb/v7-m/nofp\libc_nano.a(libc_a-findfp.o)
__lock___tz_mutex                                 C:/ST/STM32CubeCLT_1.17.0/GNU-tools-for-STM32/bin/../lib/gcc/arm-none-eabi/12.3.1/../../../../arm-none-eabi/lib/thumb/v7-m/nofp\libc_nano.a(libc_a-lock.o)
__malloc_free_list                                C:/ST/STM32CubeCLT_1.17.0/GNU-tools-for-STM32/bin/../lib/gcc/arm-none-eabi/12.3.1/../../../../arm-none-eabi/lib/thumb/v7-m/nofp\libc_nano.a(libc_a-mallocr.o)
                                                  C:/ST/STM32CubeCLT_1.17.0/GNU-tools-for-STM32/bin/../lib/gcc/arm-none-eabi/12.3.1/../../../../arm-none-eabi/lib/thumb/v7-m/nofp\libc_nano.a(libc_a-freer.o)
__malloc_lock                                     C:/ST/STM32CubeCLT_1.17.0/GNU-tools-for-STM32/bin/../lib/gcc/arm-none-eabi/12.3.1/../../../../arm-none-eabi/lib/thumb/v7-m/nofp\libc_nano.a(libc_a-mlock.o)
                                                  C:/ST/STM32CubeCLT_1.17.0/GNU-tools-for-STM32/bin/../lib/gcc/arm-none-eabi/12.3.1/../../../../arm-none-eabi/lib/thumb/v7-m/nofp\libc_nano.a(libc_a-mallocr.o)
                                                  C:/ST/STM32CubeCLT_1.17.0/GNU-tools-for-STM32/bin/../lib/gcc/arm-none-eabi/12.3.1/../../../../arm-none-eabi/lib/thumb/v7-m/nofp\libc_nano.a(libc_a-freer.o)
__malloc_sbrk_start                               C:/ST/STM32CubeCLT_1.17.0/GNU-tools-for-STM32/bin/../lib/gcc/arm-none-eabi/12.3.1/../../../../arm-none-eabi/lib/thumb/v7-m/nofp\libc_nano.a(libc_a-mallocr.o)
__malloc_unlock                                   C:/ST/STM32CubeCLT_1.17.0/GNU-tools-for-STM32/bin/../lib/gcc/arm-none-eabi/12.3.1/../../../../arm-none-eabi/lib/thumb/v7-m/nofp\libc_nano.a(libc_a-mlock.o)
                                                  C:/ST/STM32CubeCLT_1.17.0/GNU-tools-for-STM32/bin/../lib/gcc/arm-none-eabi/12.3.1/../../../../arm-none-eabi/lib/thumb/v7-m/nofp\libc_nano.a(libc_a-mallocr.o)
                                                  C:/ST/STM32CubeCLT_1.17.0/GNU-tools-for-STM32/bin/../lib/gcc/arm-none-eabi/12.3.1/../../../../arm-none-eabi/lib/thumb/v7-m/nofp\libc_nano.a(libc_a-freer.o)
__preinit_array_end                               C:/ST/STM32CubeCLT_1.17.0/GNU-tools-for-STM32/bin/../lib/gcc/arm-none-eabi/12.3.1/../../../../arm-none-eabi/lib/thumb/v7-m/nofp\libc_nano.a(libc_a-init.o)
__preinit_array_start                             C:/ST/STM32CubeCLT_1.17.0/GNU-tools-for-STM32/bin/../lib/gcc/arm-none-eabi/12.3.1/../../../../arm-none-eabi/lib/thumb/v7-m/nofp\libc_nano.a(libc_a-init.o)
__register_frame_info                             C:/ST/STM32CubeCLT_1.17.0/GNU-tools-for-STM32/bin/../lib/gcc/arm-none-eabi/12.3.1/thumb/v7-m/nofp/crtbegin.o
__retarget_lock_acquire                           C:/ST/STM32CubeCLT_1.17.0/GNU-tools-for-STM32/bin/../lib/gcc/arm-none-eabi/12.3.1/../../../../arm-none-eabi/lib/thumb/v7-m/nofp\libc_nano.a(libc_a-lock.o)
__retarget_lock_acquire_recursive                 C:/ST/STM32CubeCLT_1.17.0/GNU-tools-for-STM32/bin/../lib/gcc/arm-none-eabi/12.3.1/../../../../arm-none-eabi/lib/thumb/v7-m/nofp\libc_nano.a(libc_a-lock.o)
                                                  C:/ST/STM32CubeCLT_1.17.0/GNU-tools-for-STM32/bin/../lib/gcc/arm-none-eabi/12.3.1/../../../../arm-none-eabi/lib/thumb/v7-m/nofp\libc_nano.a(libc_a-fflush.o)
                                                  C:/ST/STM32CubeCLT_1.17.0/GNU-tools-for-STM32/bin/../lib/gcc/arm-none-eabi/12.3.1/../../../../arm-none-eabi/lib/thumb/v7-m/nofp\libc_nano.a(libc_a-mlock.o)
                                                  C:/ST/STM32CubeCLT_1.17.0/GNU-tools-for-STM32/bin/../lib/gcc/arm-none-eabi/12.3.1/../../../../arm-none-eabi/lib/thumb/v7-m/nofp\libc_nano.a(libc_a-findfp.o)
__retarget_lock_close                             C:/ST/STM32CubeCLT_1.17.0/GNU-tools-for-STM32/bin/../lib/gcc/arm-none-eabi/12.3.1/../../../../arm-none-eabi/lib/thumb/v7-m/nofp\libc_nano.a(libc_a-lock.o)
__retarget_lock_close_recursive                   C:/ST/STM32CubeCLT_1.17.0/GNU-tools-for-STM32/bin/../lib/gcc/arm-none-eabi/12.3.1/../../../../arm-none-eabi/lib/thumb/v7-m/nofp\libc_nano.a(libc_a-lock.o)
__retarget_lock_init                              C:/ST/STM32CubeCLT_1.17.0/GNU-tools-for-STM32/bin/../lib/gcc/arm-none-eabi/12.3.1/../../../../arm-none-eabi/lib/thumb/v7-m/nofp\libc_nano.a(libc_a-lock.o)
__retarget_lock_init_recursive                    C:/ST/STM32CubeCLT_1.17.0/GNU-tools-for-STM32/bin/../lib/gcc/arm-none-eabi/12.3.1/../../../../arm-none-eabi/lib/thumb/v7-m/nofp\libc_nano.a(libc_a-lock.o)
                                                  C:/ST/STM32CubeCLT_1.17.0/GNU-tools-for-STM32/bin/../lib/gcc/arm-none-eabi/12.3.1/../../../../arm-none-eabi/lib/thumb/v7-m/nofp\libc_nano.a(libc_a-findfp.o)
__retarget_lock_release                           C:/ST/STM32CubeCLT_1.17.0/GNU-tools-for-STM32/bin/../lib/gcc/arm-none-eabi/12.3.1/../../../../arm-none-eabi/lib/thumb/v7-m/nofp\libc_nano.a(libc_a-lock.o)
__retarget_lock_release_recursive                 C:/ST/STM32CubeCLT_1.17.0/GNU-tools-for-STM32/bin/../lib/gcc/arm-none-eabi/12.3.1/../../../../arm-none-eabi/lib/thumb/v7-m/nofp\libc_nano.a(libc_a-lock.o)
                                                  C:/ST/STM32CubeCLT_1.17.0/GNU-tools-for-STM32/bin/../lib/gcc/arm-none-eabi/12.3.1/../../../../arm-none-eabi/lib/thumb/v7-m/nofp\libc_nano.a(libc_a-fflush.o)
                                                  C:/ST/STM32CubeCLT_1.17.0/GNU-tools-for-STM32/bin/../lib/gcc/arm-none-eabi/12.3.1/../../../../arm-none-eabi/lib/thumb/v7-m/nofp\libc_nano.a(libc_a-mlock.o)
                                                  C:/ST/STM32CubeCLT_1.17.0/GNU-tools-for-STM32/bin/../lib/gcc/arm-none-eabi/12.3.1/../../../../arm-none-eabi/lib/thumb/v7-m/nofp\libc_nano.a(libc_a-findfp.o)
__retarget_lock_try_acquire                       C:/ST/STM32CubeCLT_1.17.0/GNU-tools-for-STM32/bin/../lib/gcc/arm-none-eabi/12.3.1/../../../../arm-none-eabi/lib/thumb/v7-m/nofp\libc_nano.a(libc_a-lock.o)
__retarget_lock_try_acquire_recursive             C:/ST/STM32CubeCLT_1.17.0/GNU-tools-for-STM32/bin/../lib/gcc/arm-none-eabi/12.3.1/../../../../arm-none-eabi/lib/thumb/v7-m/nofp\libc_nano.a(libc_a-lock.o)
__sclose                                          C:/ST/STM32CubeCLT_1.17.0/GNU-tools-for-STM32/bin/../lib/gcc/arm-none-eabi/12.3.1/../../../../arm-none-eabi/lib/thumb/v7-m/nofp\libc_nano.a(libc_a-stdio.o)
                                                  C:/ST/STM32CubeCLT_1.17.0/GNU-tools-for-STM32/bin/../lib/gcc/arm-none-eabi/12.3.1/../../../../arm-none-eabi/lib/thumb/v7-m/nofp\libc_nano.a(libc_a-findfp.o)
__seofread                                        C:/ST/STM32CubeCLT_1.17.0/GNU-tools-for-STM32/bin/../lib/gcc/arm-none-eabi/12.3.1/../../../../arm-none-eabi/lib/thumb/v7-m/nofp\libc_nano.a(libc_a-stdio.o)
__sf                                              C:/ST/STM32CubeCLT_1.17.0/GNU-tools-for-STM32/bin/../lib/gcc/arm-none-eabi/12.3.1/../../../../arm-none-eabi/lib/thumb/v7-m/nofp\libc_nano.a(libc_a-findfp.o)
                                                  C:/ST/STM32CubeCLT_1.17.0/GNU-tools-for-STM32/bin/../lib/gcc/arm-none-eabi/12.3.1/../../../../arm-none-eabi/lib/thumb/v7-m/nofp\libc_nano.a(libc_a-impure.o)
__sflush_r                                        C:/ST/STM32CubeCLT_1.17.0/GNU-tools-for-STM32/bin/../lib/gcc/arm-none-eabi/12.3.1/../../../../arm-none-eabi/lib/thumb/v7-m/nofp\libc_nano.a(libc_a-fflush.o)
__sfp                                             C:/ST/STM32CubeCLT_1.17.0/GNU-tools-for-STM32/bin/../lib/gcc/arm-none-eabi/12.3.1/../../../../arm-none-eabi/lib/thumb/v7-m/nofp\libc_nano.a(libc_a-findfp.o)
__sfp_lock_acquire                                C:/ST/STM32CubeCLT_1.17.0/GNU-tools-for-STM32/bin/../lib/gcc/arm-none-eabi/12.3.1/../../../../arm-none-eabi/lib/thumb/v7-m/nofp\libc_nano.a(libc_a-findfp.o)
__sfp_lock_release                                C:/ST/STM32CubeCLT_1.17.0/GNU-tools-for-STM32/bin/../lib/gcc/arm-none-eabi/12.3.1/../../../../arm-none-eabi/lib/thumb/v7-m/nofp\libc_nano.a(libc_a-findfp.o)
__sglue                                           C:/ST/STM32CubeCLT_1.17.0/GNU-tools-for-STM32/bin/../lib/gcc/arm-none-eabi/12.3.1/../../../../arm-none-eabi/lib/thumb/v7-m/nofp\libc_nano.a(libc_a-findfp.o)
                                                  C:/ST/STM32CubeCLT_1.17.0/GNU-tools-for-STM32/bin/../lib/gcc/arm-none-eabi/12.3.1/../../../../arm-none-eabi/lib/thumb/v7-m/nofp\libc_nano.a(libc_a-fflush.o)
__sinit                                           C:/ST/STM32CubeCLT_1.17.0/GNU-tools-for-STM32/bin/../lib/gcc/arm-none-eabi/12.3.1/../../../../arm-none-eabi/lib/thumb/v7-m/nofp\libc_nano.a(libc_a-findfp.o)
                                                  C:/ST/STM32CubeCLT_1.17.0/GNU-tools-for-STM32/bin/../lib/gcc/arm-none-eabi/12.3.1/../../../../arm-none-eabi/lib/thumb/v7-m/nofp\libc_nano.a(libc_a-fflush.o)
__sread                                           C:/ST/STM32CubeCLT_1.17.0/GNU-tools-for-STM32/bin/../lib/gcc/arm-none-eabi/12.3.1/../../../../arm-none-eabi/lib/thumb/v7-m/nofp\libc_nano.a(libc_a-stdio.o)
                                                  C:/ST/STM32CubeCLT_1.17.0/GNU-tools-for-STM32/bin/../lib/gcc/arm-none-eabi/12.3.1/../../../../arm-none-eabi/lib/thumb/v7-m/nofp\libc_nano.a(libc_a-findfp.o)
__sseek                                           C:/ST/STM32CubeCLT_1.17.0/GNU-tools-for-STM32/bin/../lib/gcc/arm-none-eabi/12.3.1/../../../../arm-none-eabi/lib/thumb/v7-m/nofp\libc_nano.a(libc_a-stdio.o)
                                                  C:/ST/STM32CubeCLT_1.17.0/GNU-tools-for-STM32/bin/../lib/gcc/arm-none-eabi/12.3.1/../../../../arm-none-eabi/lib/thumb/v7-m/nofp\libc_nano.a(libc_a-findfp.o)
__stack                                           C:/ST/STM32CubeCLT_1.17.0/GNU-tools-for-STM32/bin/../lib/gcc/arm-none-eabi/12.3.1/../../../../arm-none-eabi/lib/thumb/v7-m/nofp/crt0.o
__stdio_exit_handler                              C:/ST/STM32CubeCLT_1.17.0/GNU-tools-for-STM32/bin/../lib/gcc/arm-none-eabi/12.3.1/../../../../arm-none-eabi/lib/thumb/v7-m/nofp\libc_nano.a(libc_a-findfp.o)
                                                  C:/ST/STM32CubeCLT_1.17.0/GNU-tools-for-STM32/bin/../lib/gcc/arm-none-eabi/12.3.1/../../../../arm-none-eabi/lib/thumb/v7-m/nofp\libc_nano.a(libc_a-exit.o)
__swrite                                          C:/ST/STM32CubeCLT_1.17.0/GNU-tools-for-STM32/bin/../lib/gcc/arm-none-eabi/12.3.1/../../../../arm-none-eabi/lib/thumb/v7-m/nofp\libc_nano.a(libc_a-stdio.o)
                                                  C:/ST/STM32CubeCLT_1.17.0/GNU-tools-for-STM32/bin/../lib/gcc/arm-none-eabi/12.3.1/../../../../arm-none-eabi/lib/thumb/v7-m/nofp\libc_nano.a(libc_a-findfp.o)
_close                                            build/syscalls.o
                                                  C:/ST/STM32CubeCLT_1.17.0/GNU-tools-for-STM32/bin/../lib/gcc/arm-none-eabi/12.3.1/../../../../arm-none-eabi/lib/thumb/v7-m/nofp\libc_nano.a(libc_a-closer.o)
_close_r                                          C:/ST/STM32CubeCLT_1.17.0/GNU-tools-for-STM32/bin/../lib/gcc/arm-none-eabi/12.3.1/../../../../arm-none-eabi/lib/thumb/v7-m/nofp\libc_nano.a(libc_a-closer.o)
                                                  C:/ST/STM32CubeCLT_1.17.0/GNU-tools-for-STM32/bin/../lib/gcc/arm-none-eabi/12.3.1/../../../../arm-none-eabi/lib/thumb/v7-m/nofp\libc_nano.a(libc_a-stdio.o)
_ebss                                             build/startup_stm32f103x6.o
_edata                                            build/startup_stm32f103x6.o
_end                                              build/sysmem.o
_estack                                           build/startup_stm32f103x6.o
                                                  build/sysmem.o
_execve                                           build/syscalls.o
_exit                                             build/syscalls.o
                                                  C:/ST/STM32CubeCLT_1.17.0/GNU-tools-for-STM32/bin/../lib/gcc/arm-none-eabi/12.3.1/../../../../arm-none-eabi/lib/thumb/v7-m/nofp\libc_nano.a(libc_a-exit.o)
_fflush_r                                         C:/ST/STM32CubeCLT_1.17.0/GNU-tools-for-STM32/bin/../lib/gcc/arm-none-eabi/12.3.1/../../../../arm-none-eabi/lib/thumb/v7-m/nofp\libc_nano.a(libc_a-fflush.o)
                                                  C:/ST/STM32CubeCLT_1.17.0/GNU-tools-for-STM32/bin/../lib/gcc/arm-none-eabi/12.3.1/../../../../arm-none-eabi/lib/thumb/v7-m/nofp\libc_nano.a(libc_a-findfp.o)
_fini                                             C:/ST/STM32CubeCLT_1.17.0/GNU-tools-for-STM32/bin/../lib/gcc/arm-none-eabi/12.3.1/thumb/v7-m/nofp/crti.o
_fork                                             build/syscalls.o
_free_r                                           C:/ST/STM32CubeCLT_1.17.0/GNU-tools-for-STM32/bin/../lib/gcc/arm-none-eabi/12.3.1/../../../../arm-none-eabi/lib/thumb/v7-m/nofp\libc_nano.a(libc_a-freer.o)
                                                  C:/ST/STM32CubeCLT_1.17.0/GNU-tools-for-STM32/bin/../lib/gcc/arm-none-eabi/12.3.1/../../../../arm-none-eabi/lib/thumb/v7-m/nofp\libc_nano.a(libc_a-fflush.o)
                                                  C:/ST/STM32CubeCLT_1.17.0/GNU-tools-for-STM32/bin/../lib/gcc/arm-none-eabi/12.3.1/../../../../arm-none-eabi/lib/thumb/v7-m/nofp\libc_nano.a(libc_a-reent.o)
_fstat                                            build/syscalls.o
_fwalk_sglue                                      C:/ST/STM32CubeCLT_1.17.0/GNU-tools-for-STM32/bin/../lib/gcc/arm-none-eabi/12.3.1/../../../../arm-none-eabi/lib/thumb/v7-m/nofp\libc_nano.a(libc_a-fwalk.o)
                                                  C:/ST/STM32CubeCLT_1.17.0/GNU-tools-for-STM32/bin/../lib/gcc/arm-none-eabi/12.3.1/../../../../arm-none-eabi/lib/thumb/v7-m/nofp\libc_nano.a(libc_a-fflush.o)
                                                  C:/ST/STM32CubeCLT_1.17.0/GNU-tools-for-STM32/bin/../lib/gcc/arm-none-eabi/12.3.1/../../../../arm-none-eabi/lib/thumb/v7-m/nofp\libc_nano.a(libc_a-findfp.o)
_getpid                                           build/syscalls.o
_impure_data                                      C:/ST/STM32CubeCLT_1.17.0/GNU-tools-for-STM32/bin/../lib/gcc/arm-none-eabi/12.3.1/../../../../arm-none-eabi/lib/thumb/v7-m/nofp\libc_nano.a(libc_a-impure.o)
                                                  C:/ST/STM32CubeCLT_1.17.0/GNU-tools-for-STM32/bin/../lib/gcc/arm-none-eabi/12.3.1/../../../../arm-none-eabi/lib/thumb/v7-m/nofp\libc_nano.a(libc_a-fflush.o)
                                                  C:/ST/STM32CubeCLT_1.17.0/GNU-tools-for-STM32/bin/../lib/gcc/arm-none-eabi/12.3.1/../../../../arm-none-eabi/lib/thumb/v7-m/nofp\libc_nano.a(libc_a-findfp.o)
_impure_ptr                                       C:/ST/STM32CubeCLT_1.17.0/GNU-tools-for-STM32/bin/../lib/gcc/arm-none-eabi/12.3.1/../../../../arm-none-eabi/lib/thumb/v7-m/nofp\libc_nano.a(libc_a-impure.o)
                                                  C:/ST/STM32CubeCLT_1.17.0/GNU-tools-for-STM32/bin/../lib/gcc/arm-none-eabi/12.3.1/../../../../arm-none-eabi/lib/thumb/v7-m/nofp\libc_nano.a(libc_a-fflush.o)
                                                  C:/ST/STM32CubeCLT_1.17.0/GNU-tools-for-STM32/bin/../lib/gcc/arm-none-eabi/12.3.1/../../../../arm-none-eabi/lib/thumb/v7-m/nofp\libc_nano.a(libc_a-errno.o)
                                                  C:/ST/STM32CubeCLT_1.17.0/GNU-tools-for-STM32/bin/../lib/gcc/arm-none-eabi/12.3.1/../../../../arm-none-eabi/lib/thumb/v7-m/nofp\libc_nano.a(libc_a-reent.o)
_init                                             C:/ST/STM32CubeCLT_1.17.0/GNU-tools-for-STM32/bin/../lib/gcc/arm-none-eabi/12.3.1/thumb/v7-m/nofp/crti.o
                                                  C:/ST/STM32CubeCLT_1.17.0/GNU-tools-for-STM32/bin/../lib/gcc/arm-none-eabi/12.3.1/../../../../arm-none-eabi/lib/thumb/v7-m/nofp\libc_nano.a(libc_a-init.o)
_isatty                                           build/syscalls.o
_kill                                             build/syscalls.o
_link                                             build/syscalls.o
_lseek                                            build/syscalls.o
                                                  C:/ST/STM32CubeCLT_1.17.0/GNU-tools-for-STM32/bin/../lib/gcc/arm-none-eabi/12.3.1/../../../../arm-none-eabi/lib/thumb/v7-m/nofp\libc_nano.a(libc_a-lseekr.o)
_lseek_r                                          C:/ST/STM32CubeCLT_1.17.0/GNU-tools-for-STM32/bin/../lib/gcc/arm-none-eabi/12.3.1/../../../../arm-none-eabi/lib/thumb/v7-m/nofp\libc_nano.a(libc_a-lseekr.o)
                                                  C:/ST/STM32CubeCLT_1.17.0/GNU-tools-for-STM32/bin/../lib/gcc/arm-none-eabi/12.3.1/../../../../arm-none-eabi/lib/thumb/v7-m/nofp\libc_nano.a(libc_a-stdio.o)
_mainCRTStartup                                   C:/ST/STM32CubeCLT_1.17.0/GNU-tools-for-STM32/bin/../lib/gcc/arm-none-eabi/12.3.1/../../../../arm-none-eabi/lib/thumb/v7-m/nofp/crt0.o
_malloc_r                                         C:/ST/STM32CubeCLT_1.17.0/GNU-tools-for-STM32/bin/../lib/gcc/arm-none-eabi/12.3.1/../../../../arm-none-eabi/lib/thumb/v7-m/nofp\libc_nano.a(libc_a-mallocr.o)
                                                  C:/ST/STM32CubeCLT_1.17.0/GNU-tools-for-STM32/bin/../lib/gcc/arm-none-eabi/12.3.1/../../../../arm-none-eabi/lib/thumb/v7-m/nofp\libc_nano.a(libc_a-findfp.o)
_open                                             build/syscalls.o
_read                                             build/syscalls.o
                                                  C:/ST/STM32CubeCLT_1.17.0/GNU-tools-for-STM32/bin/../lib/gcc/arm-none-eabi/12.3.1/../../../../arm-none-eabi/lib/thumb/v7-m/nofp\libc_nano.a(libc_a-readr.o)
_read_r                                           C:/ST/STM32CubeCLT_1.17.0/GNU-tools-for-STM32/bin/../lib/gcc/arm-none-eabi/12.3.1/../../../../arm-none-eabi/lib/thumb/v7-m/nofp\libc_nano.a(libc_a-readr.o)
                                                  C:/ST/STM32CubeCLT_1.17.0/GNU-tools-for-STM32/bin/../lib/gcc/arm-none-eabi/12.3.1/../../../../arm-none-eabi/lib/thumb/v7-m/nofp\libc_nano.a(libc_a-stdio.o)
_reclaim_reent                                    C:/ST/STM32CubeCLT_1.17.0/GNU-tools-for-STM32/bin/../lib/gcc/arm-none-eabi/12.3.1/../../../../arm-none-eabi/lib/thumb/v7-m/nofp\libc_nano.a(libc_a-reent.o)
_sbrk                                             build/sysmem.o
                                                  C:/ST/STM32CubeCLT_1.17.0/GNU-tools-for-STM32/bin/../lib/gcc/arm-none-eabi/12.3.1/../../../../arm-none-eabi/lib/thumb/v7-m/nofp\libc_nano.a(libc_a-sbrkr.o)
_sbrk_r                                           C:/ST/STM32CubeCLT_1.17.0/GNU-tools-for-STM32/bin/../lib/gcc/arm-none-eabi/12.3.1/../../../../arm-none-eabi/lib/thumb/v7-m/nofp\libc_nano.a(libc_a-sbrkr.o)
                                                  C:/ST/STM32CubeCLT_1.17.0/GNU-tools-for-STM32/bin/../lib/gcc/arm-none-eabi/12.3.1/../../../../arm-none-eabi/lib/thumb/v7-m/nofp\libc_nano.a(libc_a-mallocr.o)
_sbss                                             build/startup_stm32f103x6.o
_sdata                                            build/startup_stm32f103x6.o
_sidata                                           build/startup_stm32f103x6.o
_stack_init                                       C:/ST/STM32CubeCLT_1.17.0/GNU-tools-for-STM32/bin/../lib/gcc/arm-none-eabi/12.3.1/../../../../arm-none-eabi/lib/thumb/v7-m/nofp/crt0.o
_start                                            C:/ST/STM32CubeCLT_1.17.0/GNU-tools-for-STM32/bin/../lib/gcc/arm-none-eabi/12.3.1/../../../../arm-none-eabi/lib/thumb/v7-m/nofp/crt0.o
_stat                                             build/syscalls.o
_times                                            build/syscalls.o
_unlink                                           build/syscalls.o
_wait                                             build/syscalls.o
_write                                            build/syscalls.o
                                                  C:/ST/STM32CubeCLT_1.17.0/GNU-tools-for-STM32/bin/../lib/gcc/arm-none-eabi/12.3.1/../../../../arm-none-eabi/lib/thumb/v7-m/nofp\libc_nano.a(libc_a-writer.o)
_write_r                                          C:/ST/STM32CubeCLT_1.17.0/GNU-tools-for-STM32/bin/../lib/gcc/arm-none-eabi/12.3.1/../../../../arm-none-eabi/lib/thumb/v7-m/nofp\libc_nano.a(libc_a-writer.o)
                                                  C:/ST/STM32CubeCLT_1.17.0/GNU-tools-for-STM32/bin/../lib/gcc/arm-none-eabi/12.3.1/../../../../arm-none-eabi/lib/thumb/v7-m/nofp\libc_nano.a(libc_a-stdio.o)
atexit                                            C:/ST/STM32CubeCLT_1.17.0/GNU-tools-for-STM32/bin/../lib/gcc/arm-none-eabi/12.3.1/../../../../arm-none-eabi/lib/thumb/v7-m/nofp/crt0.o
environ                                           build/syscalls.o
errno                                             C:/ST/STM32CubeCLT_1.17.0/GNU-tools-for-STM32/bin/../lib/gcc/arm-none-eabi/12.3.1/../../../../arm-none-eabi/lib/thumb/v7-m/nofp\libc_nano.a(libc_a-reent.o)
                                                  C:/ST/STM32CubeCLT_1.17.0/GNU-tools-for-STM32/bin/../lib/gcc/arm-none-eabi/12.3.1/../../../../arm-none-eabi/lib/thumb/v7-m/nofp\libc_nano.a(libc_a-sbrkr.o)
                                                  C:/ST/STM32CubeCLT_1.17.0/GNU-tools-for-STM32/bin/../lib/gcc/arm-none-eabi/12.3.1/../../../../arm-none-eabi/lib/thumb/v7-m/nofp\libc_nano.a(libc_a-writer.o)
                                                  C:/ST/STM32CubeCLT_1.17.0/GNU-tools-for-STM32/bin/../lib/gcc/arm-none-eabi/12.3.1/../../../../arm-none-eabi/lib/thumb/v7-m/nofp\libc_nano.a(libc_a-readr.o)
                                                  C:/ST/STM32CubeCLT_1.17.0/GNU-tools-for-STM32/bin/../lib/gcc/arm-none-eabi/12.3.1/../../../../arm-none-eabi/lib/thumb/v7-m/nofp\libc_nano.a(libc_a-lseekr.o)
                                                  C:/ST/STM32CubeCLT_1.17.0/GNU-tools-for-STM32/bin/../lib/gcc/arm-none-eabi/12.3.1/../../../../arm-none-eabi/lib/thumb/v7-m/nofp\libc_nano.a(libc_a-closer.o)
exit                                              C:/ST/STM32CubeCLT_1.17.0/GNU-tools-for-STM32/bin/../lib/gcc/arm-none-eabi/12.3.1/../../../../arm-none-eabi/lib/thumb/v7-m/nofp\libc_nano.a(libc_a-exit.o)
                                                  C:/ST/STM32CubeCLT_1.17.0/GNU-tools-for-STM32/bin/../lib/gcc/arm-none-eabi/12.3.1/../../../../arm-none-eabi/lib/thumb/v7-m/nofp/crt0.o
fflush                                            C:/ST/STM32CubeCLT_1.17.0/GNU-tools-for-STM32/bin/../lib/gcc/arm-none-eabi/12.3.1/../../../../arm-none-eabi/lib/thumb/v7-m/nofp\libc_nano.a(libc_a-fflush.o)
g_pfnVectors                                      build/startup_stm32f103x6.o
hardware_init_hook                                C:/ST/STM32CubeCLT_1.17.0/GNU-tools-for-STM32/bin/../lib/gcc/arm-none-eabi/12.3.1/../../../../arm-none-eabi/lib/thumb/v7-m/nofp/crt0.o
hspi1                                             build/spi.o
                                                  build/stm32f1xx_it.o
huart1                                            build/usart.o
                                                  build/stm32f1xx_it.o
initialise_monitor_handles                        build/syscalls.o
main                                              build/main.o
                                                  build/startup_stm32f103x6.o
                                                  C:/ST/STM32CubeCLT_1.17.0/GNU-tools-for-STM32/bin/../lib/gcc/arm-none-eabi/12.3.1/../../../../arm-none-eabi/lib/thumb/v7-m/nofp/crt0.o
memset                                            C:/ST/STM32CubeCLT_1.17.0/GNU-tools-for-STM32/bin/../lib/gcc/arm-none-eabi/12.3.1/../../../../arm-none-eabi/lib/thumb/v7-m/nofp\libc_nano.a(libc_a-memset.o)
                                                  C:/ST/STM32CubeCLT_1.17.0/GNU-tools-for-STM32/bin/../lib/gcc/arm-none-eabi/12.3.1/../../../../arm-none-eabi/lib/thumb/v7-m/nofp\libc_nano.a(libc_a-findfp.o)
                                                  build/sysconfig.o
                                                  C:/ST/STM32CubeCLT_1.17.0/GNU-tools-for-STM32/bin/../lib/gcc/arm-none-eabi/12.3.1/../../../../arm-none-eabi/lib/thumb/v7-m/nofp/crt0.o
pFlash                                            build/stm32f1xx_hal_flash.o
                                                  build/stm32f1xx_hal_flash_ex.o
rc522_cfg_cmd                                     build/rc522.o
rc522_get_chip_id                                 build/rc522.o
                                                  build/main.o
rc522_get_chip_sts                                build/rc522.o
                                                  build/main.o
rc522_init                                        build/main.o
rc522_init_reg                                    build/rc522.o
                                                  build/main.o
rc522_pcd_init                                    build/rc522.o
                                                  build/main.o
rc522_rst_pin_rd                                  build/gpio.o
                                                  build/main.o
rc522_rst_pin_read                                build/rc522_cfg.o
                                                  build/rc522.o
rc522_rst_pin_write                               build/rc522_cfg.o
                                                  build/rc522.o
rc522_rstpin_wrt                                  build/gpio.o
                                                  build/main.o
rc522_set_spi_spec                                build/rc522_cfg.o
                                                  build/main.o
rc522_spi_read_reg                                build/rc522_cfg.o
                                                  build/rc522.o
rc522_spi_write_reg                               build/rc522_cfg.o
                                                  build/rc522.o
software_init_hook                                C:/ST/STM32CubeCLT_1.17.0/GNU-tools-for-STM32/bin/../lib/gcc/arm-none-eabi/12.3.1/../../../../arm-none-eabi/lib/thumb/v7-m/nofp/crt0.o
stm32_spi_read                                    build/spi.o
                                                  build/main.o
stm32_spi_write                                   build/spi.o
                                                  build/main.o
uart_read                                         build/usart.o
uart_rx_buffer                                    build/usart.o
uart_send                                         build/usart.o
uwTick                                            build/stm32f1xx_hal.o
uwTickFreq                                        build/stm32f1xx_hal.o
uwTickPrio                                        build/stm32f1xx_hal.o
                                                  build/stm32f1xx_hal_rcc.o